Archive member included to satisfy reference by file (symbol)

C:/ST/STM32CubeIDE_1.13.2/STM32CubeIDE/plugins/com.st.stm32cube.ide.mcu.externaltools.gnu-tools-for-stm32.11.3.rel1.win32_1.1.1.202309131626/tools/bin/../lib/gcc/arm-none-eabi/11.3.1/../../../../arm-none-eabi/lib/thumb/v7e-m+fp/hard\libc_nano.a(libc_a-exit.o)
                              C:/ST/STM32CubeIDE_1.13.2/STM32CubeIDE/plugins/com.st.stm32cube.ide.mcu.externaltools.gnu-tools-for-stm32.11.3.rel1.win32_1.1.1.202309131626/tools/bin/../lib/gcc/arm-none-eabi/11.3.1/../../../../arm-none-eabi/lib/thumb/v7e-m+fp/hard/crt0.o (exit)
C:/ST/STM32CubeIDE_1.13.2/STM32CubeIDE/plugins/com.st.stm32cube.ide.mcu.externaltools.gnu-tools-for-stm32.11.3.rel1.win32_1.1.1.202309131626/tools/bin/../lib/gcc/arm-none-eabi/11.3.1/../../../../arm-none-eabi/lib/thumb/v7e-m+fp/hard\libc_nano.a(libc_a-findfp.o)
                              C:/ST/STM32CubeIDE_1.13.2/STM32CubeIDE/plugins/com.st.stm32cube.ide.mcu.externaltools.gnu-tools-for-stm32.11.3.rel1.win32_1.1.1.202309131626/tools/bin/../lib/gcc/arm-none-eabi/11.3.1/../../../../arm-none-eabi/lib/thumb/v7e-m+fp/hard\libc_nano.a(libc_a-exit.o) (__stdio_exit_handler)
C:/ST/STM32CubeIDE_1.13.2/STM32CubeIDE/plugins/com.st.stm32cube.ide.mcu.externaltools.gnu-tools-for-stm32.11.3.rel1.win32_1.1.1.202309131626/tools/bin/../lib/gcc/arm-none-eabi/11.3.1/../../../../arm-none-eabi/lib/thumb/v7e-m+fp/hard\libc_nano.a(libc_a-fwalk.o)
                              C:/ST/STM32CubeIDE_1.13.2/STM32CubeIDE/plugins/com.st.stm32cube.ide.mcu.externaltools.gnu-tools-for-stm32.11.3.rel1.win32_1.1.1.202309131626/tools/bin/../lib/gcc/arm-none-eabi/11.3.1/../../../../arm-none-eabi/lib/thumb/v7e-m+fp/hard\libc_nano.a(libc_a-findfp.o) (_fwalk_sglue)
C:/ST/STM32CubeIDE_1.13.2/STM32CubeIDE/plugins/com.st.stm32cube.ide.mcu.externaltools.gnu-tools-for-stm32.11.3.rel1.win32_1.1.1.202309131626/tools/bin/../lib/gcc/arm-none-eabi/11.3.1/../../../../arm-none-eabi/lib/thumb/v7e-m+fp/hard\libc_nano.a(libc_a-stdio.o)
                              C:/ST/STM32CubeIDE_1.13.2/STM32CubeIDE/plugins/com.st.stm32cube.ide.mcu.externaltools.gnu-tools-for-stm32.11.3.rel1.win32_1.1.1.202309131626/tools/bin/../lib/gcc/arm-none-eabi/11.3.1/../../../../arm-none-eabi/lib/thumb/v7e-m+fp/hard\libc_nano.a(libc_a-findfp.o) (__sread)
C:/ST/STM32CubeIDE_1.13.2/STM32CubeIDE/plugins/com.st.stm32cube.ide.mcu.externaltools.gnu-tools-for-stm32.11.3.rel1.win32_1.1.1.202309131626/tools/bin/../lib/gcc/arm-none-eabi/11.3.1/../../../../arm-none-eabi/lib/thumb/v7e-m+fp/hard\libc_nano.a(libc_a-memset.o)
                              C:/ST/STM32CubeIDE_1.13.2/STM32CubeIDE/plugins/com.st.stm32cube.ide.mcu.externaltools.gnu-tools-for-stm32.11.3.rel1.win32_1.1.1.202309131626/tools/bin/../lib/gcc/arm-none-eabi/11.3.1/../../../../arm-none-eabi/lib/thumb/v7e-m+fp/hard/crt0.o (memset)
C:/ST/STM32CubeIDE_1.13.2/STM32CubeIDE/plugins/com.st.stm32cube.ide.mcu.externaltools.gnu-tools-for-stm32.11.3.rel1.win32_1.1.1.202309131626/tools/bin/../lib/gcc/arm-none-eabi/11.3.1/../../../../arm-none-eabi/lib/thumb/v7e-m+fp/hard\libc_nano.a(libc_a-closer.o)
                              C:/ST/STM32CubeIDE_1.13.2/STM32CubeIDE/plugins/com.st.stm32cube.ide.mcu.externaltools.gnu-tools-for-stm32.11.3.rel1.win32_1.1.1.202309131626/tools/bin/../lib/gcc/arm-none-eabi/11.3.1/../../../../arm-none-eabi/lib/thumb/v7e-m+fp/hard\libc_nano.a(libc_a-stdio.o) (_close_r)
C:/ST/STM32CubeIDE_1.13.2/STM32CubeIDE/plugins/com.st.stm32cube.ide.mcu.externaltools.gnu-tools-for-stm32.11.3.rel1.win32_1.1.1.202309131626/tools/bin/../lib/gcc/arm-none-eabi/11.3.1/../../../../arm-none-eabi/lib/thumb/v7e-m+fp/hard\libc_nano.a(libc_a-reent.o)
                              C:/ST/STM32CubeIDE_1.13.2/STM32CubeIDE/plugins/com.st.stm32cube.ide.mcu.externaltools.gnu-tools-for-stm32.11.3.rel1.win32_1.1.1.202309131626/tools/bin/../lib/gcc/arm-none-eabi/11.3.1/../../../../arm-none-eabi/lib/thumb/v7e-m+fp/hard\libc_nano.a(libc_a-closer.o) (errno)
C:/ST/STM32CubeIDE_1.13.2/STM32CubeIDE/plugins/com.st.stm32cube.ide.mcu.externaltools.gnu-tools-for-stm32.11.3.rel1.win32_1.1.1.202309131626/tools/bin/../lib/gcc/arm-none-eabi/11.3.1/../../../../arm-none-eabi/lib/thumb/v7e-m+fp/hard\libc_nano.a(libc_a-impure.o)
                              C:/ST/STM32CubeIDE_1.13.2/STM32CubeIDE/plugins/com.st.stm32cube.ide.mcu.externaltools.gnu-tools-for-stm32.11.3.rel1.win32_1.1.1.202309131626/tools/bin/../lib/gcc/arm-none-eabi/11.3.1/../../../../arm-none-eabi/lib/thumb/v7e-m+fp/hard\libc_nano.a(libc_a-reent.o) (_impure_ptr)
C:/ST/STM32CubeIDE_1.13.2/STM32CubeIDE/plugins/com.st.stm32cube.ide.mcu.externaltools.gnu-tools-for-stm32.11.3.rel1.win32_1.1.1.202309131626/tools/bin/../lib/gcc/arm-none-eabi/11.3.1/../../../../arm-none-eabi/lib/thumb/v7e-m+fp/hard\libc_nano.a(libc_a-lseekr.o)
[...]
Memory Configuration

Name             Origin             Length             Attributes
CCMRAM           0x0000000010000000 0x0000000000010000 xrw
RAM              0x0000000020000000 0x0000000000020000 xrw
FLASH            0x0000000008000000 0x0000000000100000 xr
*default*        0x0000000000000000 0xffffffffffffffff

Linker script and memory map

LOAD C:/ST/STM32CubeIDE_1.13.2/STM32CubeIDE/plugins/com.st.stm32cube.ide.mcu.externaltools.gnu-tools-for-stm32.11.3.rel1.win32_1.1.1.202309131626/tools/bin/../lib/gcc/arm-none-eabi/11.3.1/thumb/v7e-m+fp/hard/crti.o
LOAD C:/ST/STM32CubeIDE_1.13.2/STM32CubeIDE/plugins/com.st.stm32cube.ide.mcu.externaltools.gnu-tools-for-stm32.11.3.rel1.win32_1.1.1.202309131626/tools/bin/../lib/gcc/arm-none-eabi/11.3.1/thumb/v7e-m+fp/hard/crtbegin.o
LOAD C:/ST/STM32CubeIDE_1.13.2/STM32CubeIDE/plugins/com.st.stm32cube.ide.mcu.externaltools.gnu-tools-for-stm32.11.3.rel1.win32_1.1.1.202309131626/tools/bin/../lib/gcc/arm-none-eabi/11.3.1/../../../../arm-none-eabi/lib/thumb/v7e-m+fp/hard/crt0.o
LOAD ./Core/Src/lis302dl.o
LOAD ./Core/Src/lis3dsh.o
LOAD ./Core/Src/main.o
LOAD ./Core/Src/stm32f4_discovery.o
LOAD ./Core/Src/stm32f4_discovery_accelerometer.o
LOAD ./Core/Src/stm32f4xx_hal_msp.o
LOAD ./Core/Src/stm32f4xx_it.o
LOAD ./Core/Src/syscalls.o
LOAD ./Core/Src/sysmem.o
LOAD ./Core/Src/system_stm32f4xx.o
LOAD ./Core/Startup/startup_stm32f407vgtx.o
LOAD ./Drivers/STM32F4xx_HAL_Driver/Src/stm32f4xx_hal.o
LOAD ./Drivers/STM32F4xx_HAL_Driver/Src/stm32f4xx_hal_cortex.o
LOAD ./Drivers/STM32F4xx_HAL_Driver/Src/stm32f4xx_hal_dma.o
LOAD ./Drivers/STM32F4xx_HAL_Driver/Src/stm32f4xx_hal_dma_ex.o
LOAD ./Drivers/STM32F4xx_HAL_Driver/Src/stm32f4xx_hal_exti.o
LOAD ./Drivers/STM32F4xx_HAL_Driver/Src/stm32f4xx_hal_flash.o
LOAD ./Drivers/STM32F4xx_HAL_Driver/Src/stm32f4xx_hal_flash_ex.o
LOAD ./Drivers/STM32F4xx_HAL_Driver/Src/stm32f4xx_hal_flash_ramfunc.o
LOAD ./Drivers/STM32F4xx_HAL_Driver/Src/stm32f4xx_hal_gpio.o
LOAD ./Drivers/STM32F4xx_HAL_Driver/Src/stm32f4xx_hal_pcd.o
LOAD ./Drivers/STM32F4xx_HAL_Driver/Src/stm32f4xx_hal_pcd_ex.o
LOAD ./Drivers/STM32F4xx_HAL_Driver/Src/stm32f4xx_hal_pwr.o
LOAD ./Drivers/STM32F4xx_HAL_Driver/Src/stm32f4xx_hal_pwr_ex.o
LOAD ./Drivers/STM32F4xx_HAL_Driver/Src/stm32f4xx_hal_rcc.o
LOAD ./Drivers/STM32F4xx_HAL_Driver/Src/stm32f4xx_hal_rcc_ex.o
LOAD ./Drivers/STM32F4xx_HAL_Driver/Src/stm32f4xx_hal_spi.o
LOAD ./Drivers/STM32F4xx_HAL_Driver/Src/stm32f4xx_hal_tim.o
LOAD ./Drivers/STM32F4xx_HAL_Driver/Src/stm32f4xx_hal_tim_ex.o
LOAD ./Drivers/STM32F4xx_HAL_Driver/Src/stm32f4xx_ll_usb.o
LOAD ./Middlewares/ST/STM32_USB_Device_Library/Class/HID/Src/usbd_hid.o
LOAD ./Middlewares/ST/STM32_USB_Device_Library/Core/Src/usbd_core.o
LOAD ./Middlewares/ST/STM32_USB_Device_Library/Core/Src/usbd_ctlreq.o
LOAD ./Middlewares/ST/STM32_USB_Device_Library/Core/Src/usbd_ioreq.o
LOAD ./USB_DEVICE/App/usb_device.o
LOAD ./USB_DEVICE/App/usbd_desc.o
LOAD ./USB_DEVICE/Target/usbd_conf.o
START GROUP
LOAD C:/ST/STM32CubeIDE_1.13.2/STM32CubeIDE/plugins/com.st.stm32cube.ide.mcu.externaltools.gnu-tools-for-stm32.11.3.rel1.win32_1.1.1.202309131626/tools/bin/../lib/gcc/arm-none-eabi/11.3.1/../../../../arm-none-eabi/lib/thumb/v7e-m+fp/hard\libc_nano.a
LOAD C:/ST/STM32CubeIDE_1.13.2/STM32CubeIDE/plugins/com.st.stm32cube.ide.mcu.externaltools.gnu-tools-for-stm32.11.3.rel1.win32_1.1.1.202309131626/tools/bin/../lib/gcc/arm-none-eabi/11.3.1/../../../../arm-none-eabi/lib/thumb/v7e-m+fp/hard\libm.a
END GROUP
START GROUP
LOAD C:/ST/STM32CubeIDE_1.13.2/STM32CubeIDE/plugins/com.st.stm32cube.ide.mcu.externaltools.gnu-tools-for-stm32.11.3.rel1.win32_1.1.1.202309131626/tools/bin/../lib/gcc/arm-none-eabi/11.3.1/thumb/v7e-m+fp/hard\libgcc.a
LOAD C:/ST/STM32CubeIDE_1.13.2/STM32CubeIDE/plugins/com.st.stm32cube.ide.mcu.externaltools.gnu-tools-for-stm32.11.3.rel1.win32_1.1.1.202309131626/tools/bin/../lib/gcc/arm-none-eabi/11.3.1/../../../../arm-none-eabi/lib/thumb/v7e-m+fp/hard\libc_nano.a
END GROUP
START GROUP
LOAD C:/ST/STM32CubeIDE_1.13.2/STM32CubeIDE/plugins/com.st.stm32cube.ide.mcu.externaltools.gnu-tools-for-stm32.11.3.rel1.win32_1.1.1.202309131626/tools/bin/../lib/gcc/arm-none-eabi/11.3.1/thumb/v7e-m+fp/hard\libgcc.a
LOAD C:/ST/STM32CubeIDE_1.13.2/STM32CubeIDE/plugins/com.st.stm32cube.ide.mcu.externaltools.gnu-tools-for-stm32.11.3.rel1.win32_1.1.1.202309131626/tools/bin/../lib/gcc/arm-none-eabi/11.3.1/../../../../arm-none-eabi/lib/thumb/v7e-m+fp/hard\libc_nano.a
LOAD C:/ST/STM32CubeIDE_1.13.2/STM32CubeIDE/plugins/com.st.stm32cube.ide.mcu.externaltools.gnu-tools-for-stm32.11.3.rel1.win32_1.1.1.202309131626/tools/bin/../lib/gcc/arm-none-eabi/11.3.1/../../../../arm-none-eabi/lib/thumb/v7e-m+fp/hard\libnosys.a
END GROUP
START GROUP
LOAD C:/ST/STM32CubeIDE_1.13.2/STM32CubeIDE/plugins/com.st.stm32cube.ide.mcu.externaltools.gnu-tools-for-stm32.11.3.rel1.win32_1.1.1.202309131626/tools/bin/../lib/gcc/arm-none-eabi/11.3.1/thumb/v7e-m+fp/hard\libgcc.a
LOAD C:/ST/STM32CubeIDE_1.13.2/STM32CubeIDE/plugins/com.st.stm32cube.ide.mcu.externaltools.gnu-tools-for-stm32.11.3.rel1.win32_1.1.1.202309131626/tools/bin/../lib/gcc/arm-none-eabi/11.3.1/../../../../arm-none-eabi/lib/thumb/v7e-m+fp/hard\libc_nano.a
LOAD C:/ST/STM32CubeIDE_1.13.2/STM32CubeIDE/plugins/com.st.stm32cube.ide.mcu.externaltools.gnu-tools-for-stm32.11.3.rel1.win32_1.1.1.202309131626/tools/bin/../lib/gcc/arm-none-eabi/11.3.1/../../../../arm-none-eabi/lib/thumb/v7e-m+fp/hard\libnosys.a
END GROUP
LOAD C:/ST/STM32CubeIDE_1.13.2/STM32CubeIDE/plugins/com.st.stm32cube.ide.mcu.externaltools.gnu-tools-for-stm32.11.3.rel1.win32_1.1.1.202309131626/tools/bin/../lib/gcc/arm-none-eabi/11.3.1/thumb/v7e-m+fp/hard/crtend.o
LOAD C:/ST/STM32CubeIDE_1.13.2/STM32CubeIDE/plugins/com.st.stm32cube.ide.mcu.externaltools.gnu-tools-for-stm32.11.3.rel1.win32_1.1.1.202309131626/tools/bin/../lib/gcc/arm-none-eabi/11.3.1/thumb/v7e-m+fp/hard/crtn.o
                0x0000000020020000                _estack = (ORIGIN (RAM) + LENGTH (RAM))
                0x0000000000000200                _Min_Heap_Size = 0x200
                0x0000000000000400                _Min_Stack_Size = 0x400

.isr_vector     0x0000000008000000      0x188
                0x0000000008000000                . = ALIGN (0x4)
 *(.isr_vector)
 .isr_vector    0x0000000008000000      0x188 ./Core/Startup/startup_stm32f407vgtx.o
                0x0000000008000000                g_pfnVectors
                0x0000000008000188                . = ALIGN (0x4)

.text           0x0000000008000188     0x7f1c
                0x0000000008000188                . = ALIGN (0x4)
 *(.text)
 .text          0x0000000008000188       0x40 C:/ST/STM32CubeIDE_1.13.2/STM32CubeIDE/plugins/com.st.stm32cube.ide.mcu.externaltools.gnu-tools-for-stm32.11.3.rel1.win32_1.1.1.202309131626/tools/bin/../lib/gcc/arm-none-eabi/11.3.1/thumb/v7e-m+fp/hard/crtbegin.o
 .text          0x00000000080001c8       0x30 C:/ST/STM32CubeIDE_1.13.2/STM32CubeIDE/plugins/com.st.stm32cube.ide.mcu.externaltools.gnu-tools-for-stm32.11.3.rel1.win32_1.1.1.202309131626/tools/bin/../lib/gcc/arm-none-eabi/11.3.1/thumb/v7e-m+fp/hard\libgcc.a(_aeabi_uldivmod.o)
                0x00000000080001c8                __aeabi_uldivmod
 .text          0x00000000080001f8      0x2c8 C:/ST/STM32CubeIDE_1.13.2/STM32CubeIDE/plugins/com.st.stm32cube.ide.mcu.externaltools.gnu-tools-for-stm32.11.3.rel1.win32_1.1.1.202309131626/tools/bin/../lib/gcc/arm-none-eabi/11.3.1/thumb/v7e-m+fp/hard\libgcc.a(_udivmoddi4.o)
                0x00000000080001f8                __udivmoddi4
 .text          0x00000000080004c0        0x4 C:/ST/STM32CubeIDE_1.13.2/STM32CubeIDE/plugins/com.st.stm32cube.ide.mcu.externaltools.gnu-tools-for-stm32.11.3.rel1.win32_1.1.1.202309131626/tools/bin/../lib/gcc/arm-none-eabi/11.3.1/thumb/v7e-m+fp/hard\libgcc.a(_dvmd_tls.o)
                0x00000000080004c0                __aeabi_idiv0
                0x00000000080004c0                __aeabi_ldiv0
 *(.text*)
 .text.LIS302DL_Init
                0x00000000080004c4       0x2e ./Core/Src/lis302dl.o
                0x00000000080004c4                LIS302DL_Init
 .text.LIS302DL_DeInit
                0x00000000080004f2        0xe ./Core/Src/lis302dl.o
                0x00000000080004f2                LIS302DL_DeInit
 .text.LIS302DL_ReadID
                0x0000000008000500       0x24 ./Core/Src/lis302dl.o
                0x0000000008000500                LIS302DL_ReadID
 .text.LIS302DL_FilterConfig
                0x0000000008000524       0x46 ./Core/Src/lis302dl.o
                0x0000000008000524                LIS302DL_FilterConfig
 .text.LIS302DL_InterruptConfig
                0x000000000800056a       0x46 ./Core/Src/lis302dl.o
                0x000000000800056a                LIS302DL_InterruptConfig
 .text.LIS302DL_Click_IntConfig
                0x00000000080005b0       0xaa ./Core/Src/lis302dl.o
                0x00000000080005b0                LIS302DL_Click_IntConfig
 .text.LIS302DL_Click_IntClear
                0x000000000800065a       0x2c ./Core/Src/lis302dl.o
                0x000000000800065a                LIS302DL_Click_IntClear
 .text.LIS302DL_RebootCmd
                0x0000000008000686       0x30 ./Core/Src/lis302dl.o
                0x0000000008000686                LIS302DL_RebootCmd
 .text.LIS302DL_ReadACC
                0x00000000080006b6       0xb4 ./Core/Src/lis302dl.o
                0x00000000080006b6                LIS302DL_ReadACC
 .text.LIS3DSH_Init
                0x000000000800076a       0x46 ./Core/Src/lis3dsh.o
                0x000000000800076a                LIS3DSH_Init
 .text.LIS3DSH_DeInit
                0x00000000080007b0        0xe ./Core/Src/lis3dsh.o
                0x00000000080007b0                LIS3DSH_DeInit
 .text.LIS3DSH_ReadID
                0x00000000080007be       0x24 ./Core/Src/lis3dsh.o
                0x00000000080007be                LIS3DSH_ReadID
 .text.LIS3DSH_InterruptConfig
                0x00000000080007e2       0x70 ./Core/Src/lis3dsh.o
                0x00000000080007e2                LIS3DSH_InterruptConfig
 .text.LIS3DSH_Click_IntConfig
                0x0000000008000852       0xde ./Core/Src/lis3dsh.o
                0x0000000008000852                LIS3DSH_Click_IntConfig
 .text.LIS3DSH_RebootCmd
                0x0000000008000930       0x30 ./Core/Src/lis3dsh.o
                0x0000000008000930                LIS3DSH_RebootCmd
 .text.LIS3DSH_ReadACC
                0x0000000008000960      0x1b4 ./Core/Src/lis3dsh.o
                0x0000000008000960                LIS3DSH_ReadACC
 .text.ACCELRO_Calibrate
                0x0000000008000b14       0xe8 ./Core/Src/main.o
                0x0000000008000b14                ACCELRO_Calibrate
 .text.HAL_GPIO_EXTI_Callback
                0x0000000008000bfc       0x28 ./Core/Src/main.o
                0x0000000008000bfc                HAL_GPIO_EXTI_Callback
 .text.main     0x0000000008000c24      0x1e0 ./Core/Src/main.o
                0x0000000008000c24                main
 .text.SystemClock_Config
                0x0000000008000e04       0xd4 ./Core/Src/main.o
                0x0000000008000e04                SystemClock_Config
 .text.MX_SPI1_Init
                0x0000000008000ed8       0x6c ./Core/Src/main.o
 .text.MX_USB_OTG_HS_PCD_Init
                0x0000000008000f44       0x64 ./Core/Src/main.o
 .text.MX_GPIO_Init
                0x0000000008000fa8       0xf0 ./Core/Src/main.o
 .text.Error_Handler
                0x0000000008001098        0xa ./Core/Src/main.o
                0x0000000008001098                Error_Handler
 *fill*         0x00000000080010a2        0x2 
 .text.SPIx_Init
                0x00000000080010a4       0x74 ./Core/Src/stm32f4_discovery.o
 .text.SPIx_WriteRead
                0x0000000008001118       0x40 ./Core/Src/stm32f4_discovery.o
 .text.SPIx_Error
                0x0000000008001158       0x18 ./Core/Src/stm32f4_discovery.o
 .text.SPIx_MspInit
                0x0000000008001170       0x70 ./Core/Src/stm32f4_discovery.o
 .text.ACCELERO_IO_Init
                0x00000000080011e0       0x5c ./Core/Src/stm32f4_discovery.o
                0x00000000080011e0                ACCELERO_IO_Init
 .text.ACCELERO_IO_ITConfig
                0x000000000800123c       0x60 ./Core/Src/stm32f4_discovery.o
                0x000000000800123c                ACCELERO_IO_ITConfig
 .text.ACCELERO_IO_Write
                0x000000000800129c       0x64 ./Core/Src/stm32f4_discovery.o
                0x000000000800129c                ACCELERO_IO_Write
 .text.ACCELERO_IO_Read
                0x0000000008001300       0x74 ./Core/Src/stm32f4_discovery.o
                0x0000000008001300                ACCELERO_IO_Read
 .text.BSP_ACCELERO_Init
                0x0000000008001374      0x118 ./Core/Src/stm32f4_discovery_accelerometer.o
                0x0000000008001374                BSP_ACCELERO_Init
 .text.BSP_ACCELERO_GetXYZ
                0x000000000800148c       0x58 ./Core/Src/stm32f4_discovery_accelerometer.o
                0x000000000800148c                BSP_ACCELERO_GetXYZ
 .text.HAL_MspInit
                0x00000000080014e4       0x50 ./Core/Src/stm32f4xx_hal_msp.o
                0x00000000080014e4                HAL_MspInit
 .text.HAL_SPI_MspInit
                0x0000000008001534       0xd0 ./Core/Src/stm32f4xx_hal_msp.o
                0x0000000008001534                HAL_SPI_MspInit
 .text.HAL_SPI_MspDeInit
                0x0000000008001604       0x48 ./Core/Src/stm32f4xx_hal_msp.o
                0x0000000008001604                HAL_SPI_MspDeInit
 .text.NMI_Handler
                0x000000000800164c        0x6 ./Core/Src/stm32f4xx_it.o
                0x000000000800164c                NMI_Handler
 .text.HardFault_Handler
                0x0000000008001652        0x6 ./Core/Src/stm32f4xx_it.o
                0x0000000008001652                HardFault_Handler
 .text.MemManage_Handler
                0x0000000008001658        0x6 ./Core/Src/stm32f4xx_it.o
                0x0000000008001658                MemManage_Handler
 .text.BusFault_Handler
                0x000000000800165e        0x6 ./Core/Src/stm32f4xx_it.o
                0x000000000800165e                BusFault_Handler
 .text.UsageFault_Handler
                0x0000000008001664        0x6 ./Core/Src/stm32f4xx_it.o
                0x0000000008001664                UsageFault_Handler
 .text.SVC_Handler
                0x000000000800166a        0xe ./Core/Src/stm32f4xx_it.o
                0x000000000800166a                SVC_Handler
 .text.DebugMon_Handler
                0x0000000008001678        0xe ./Core/Src/stm32f4xx_it.o
                0x0000000008001678                DebugMon_Handler
 .text.PendSV_Handler
                0x0000000008001686        0xe ./Core/Src/stm32f4xx_it.o
                0x0000000008001686                PendSV_Handler
 .text.SysTick_Handler
                0x0000000008001694        0xc ./Core/Src/stm32f4xx_it.o
                0x0000000008001694                SysTick_Handler
 .text.EXTI0_IRQHandler
                0x00000000080016a0        0xe ./Core/Src/stm32f4xx_it.o
                0x00000000080016a0                EXTI0_IRQHandler
 *fill*         0x00000000080016ae        0x2 
 .text.OTG_FS_IRQHandler
                0x00000000080016b0       0x14 ./Core/Src/stm32f4xx_it.o
                0x00000000080016b0                OTG_FS_IRQHandler
 .text.SystemInit
                0x00000000080016c4       0x24 ./Core/Src/system_stm32f4xx.o
                0x00000000080016c4                SystemInit
 .text.Reset_Handler
                0x00000000080016e8       0x50 ./Core/Startup/startup_stm32f407vgtx.o
                0x00000000080016e8                Reset_Handler
 .text.Default_Handler
                0x0000000008001738        0x2 ./Core/Startup/startup_stm32f407vgtx.o
                0x0000000008001738                RTC_Alarm_IRQHandler
                0x0000000008001738                HASH_RNG_IRQHandler
                0x0000000008001738                EXTI2_IRQHandler
                0x0000000008001738                TIM8_CC_IRQHandler
                0x0000000008001738                TIM1_CC_IRQHandler
                0x0000000008001738                DMA2_Stream5_IRQHandler
                0x0000000008001738                DMA1_Stream5_IRQHandler
                0x0000000008001738                PVD_IRQHandler
                0x0000000008001738                SDIO_IRQHandler
                0x0000000008001738                TAMP_STAMP_IRQHandler
                0x0000000008001738                CAN2_RX1_IRQHandler
                0x0000000008001738                EXTI3_IRQHandler
                0x0000000008001738                TIM8_TRG_COM_TIM14_IRQHandler
                0x0000000008001738                TIM1_UP_TIM10_IRQHandler
                0x0000000008001738                TIM8_UP_TIM13_IRQHandler
                0x0000000008001738                I2C3_ER_IRQHandler
                0x0000000008001738                I2C2_EV_IRQHandler
                0x0000000008001738                DMA1_Stream2_IRQHandler
                0x0000000008001738                CAN1_RX0_IRQHandler
                0x0000000008001738                FPU_IRQHandler
                0x0000000008001738                OTG_HS_WKUP_IRQHandler
                0x0000000008001738                CAN2_SCE_IRQHandler
                0x0000000008001738                DMA2_Stream2_IRQHandler
                0x0000000008001738                SPI1_IRQHandler
                0x0000000008001738                TIM6_DAC_IRQHandler
                0x0000000008001738                TIM1_BRK_TIM9_IRQHandler
                0x0000000008001738                DCMI_IRQHandler
                0x0000000008001738                CAN2_RX0_IRQHandler
                0x0000000008001738                DMA2_Stream3_IRQHandler
                0x0000000008001738                USART6_IRQHandler
                0x0000000008001738                USART3_IRQHandler
                0x0000000008001738                CAN1_RX1_IRQHandler
                0x0000000008001738                UART5_IRQHandler
                0x0000000008001738                DMA2_Stream0_IRQHandler
                0x0000000008001738                TIM4_IRQHandler
                0x0000000008001738                I2C1_EV_IRQHandler
                0x0000000008001738                DMA1_Stream6_IRQHandler
                0x0000000008001738                DMA1_Stream1_IRQHandler
                0x0000000008001738                UART4_IRQHandler
                0x0000000008001738                TIM3_IRQHandler
                0x0000000008001738                RCC_IRQHandler
                0x0000000008001738                TIM8_BRK_TIM12_IRQHandler
                0x0000000008001738                Default_Handler
                0x0000000008001738                EXTI15_10_IRQHandler
                0x0000000008001738                ADC_IRQHandler
                0x0000000008001738                DMA1_Stream7_IRQHandler
                0x0000000008001738                TIM7_IRQHandler
                0x0000000008001738                CAN2_TX_IRQHandler
                0x0000000008001738                TIM5_IRQHandler
                0x0000000008001738                DMA2_Stream7_IRQHandler
                0x0000000008001738                I2C3_EV_IRQHandler
                0x0000000008001738                EXTI9_5_IRQHandler
                0x0000000008001738                RTC_WKUP_IRQHandler
                0x0000000008001738                ETH_WKUP_IRQHandler
                0x0000000008001738                SPI2_IRQHandler
                0x0000000008001738                OTG_HS_EP1_IN_IRQHandler
                0x0000000008001738                DMA1_Stream0_IRQHandler
                0x0000000008001738                CAN1_TX_IRQHandler
                0x0000000008001738                EXTI4_IRQHandler
                0x0000000008001738                FSMC_IRQHandler
                0x0000000008001738                ETH_IRQHandler
                0x0000000008001738                OTG_HS_EP1_OUT_IRQHandler
                0x0000000008001738                WWDG_IRQHandler
                0x0000000008001738                TIM2_IRQHandler
                0x0000000008001738                OTG_FS_WKUP_IRQHandler
                0x0000000008001738                TIM1_TRG_COM_TIM11_IRQHandler
                0x0000000008001738                OTG_HS_IRQHandler
                0x0000000008001738                EXTI1_IRQHandler
                0x0000000008001738                USART2_IRQHandler
                0x0000000008001738                I2C2_ER_IRQHandler
                0x0000000008001738                DMA2_Stream1_IRQHandler
                0x0000000008001738                CAN1_SCE_IRQHandler
                0x0000000008001738                FLASH_IRQHandler
                0x0000000008001738                DMA2_Stream4_IRQHandler
                0x0000000008001738                USART1_IRQHandler
                0x0000000008001738                SPI3_IRQHandler
                0x0000000008001738                DMA1_Stream4_IRQHandler
                0x0000000008001738                I2C1_ER_IRQHandler
                0x0000000008001738                DMA2_Stream6_IRQHandler
                0x0000000008001738                DMA1_Stream3_IRQHandler
 *fill*         0x000000000800173a        0x2 
 .text.HAL_Init
                0x000000000800173c       0x44 ./Drivers/STM32F4xx_HAL_Driver/Src/stm32f4xx_hal.o
                0x000000000800173c                HAL_Init
 .text.HAL_InitTick
                0x0000000008001780       0x60 ./Drivers/STM32F4xx_HAL_Driver/Src/stm32f4xx_hal.o
                0x0000000008001780                HAL_InitTick
 .text.HAL_IncTick
                0x00000000080017e0       0x28 ./Drivers/STM32F4xx_HAL_Driver/Src/stm32f4xx_hal.o
                0x00000000080017e0                HAL_IncTick
 .text.HAL_GetTick
                0x0000000008001808       0x18 ./Drivers/STM32F4xx_HAL_Driver/Src/stm32f4xx_hal.o
                0x0000000008001808                HAL_GetTick
 .text.HAL_Delay
                0x0000000008001820       0x48 ./Drivers/STM32F4xx_HAL_Driver/Src/stm32f4xx_hal.o
                0x0000000008001820                HAL_Delay
 .text.__NVIC_SetPriorityGrouping
                0x0000000008001868       0x48 ./Drivers/STM32F4xx_HAL_Driver/Src/stm32f4xx_hal_cortex.o
 .text.__NVIC_GetPriorityGrouping
                0x00000000080018b0       0x1c ./Drivers/STM32F4xx_HAL_Driver/Src/stm32f4xx_hal_cortex.o
 .text.__NVIC_EnableIRQ
                0x00000000080018cc       0x3c ./Drivers/STM32F4xx_HAL_Driver/Src/stm32f4xx_hal_cortex.o
 .text.__NVIC_SetPriority
                0x0000000008001908       0x54 ./Drivers/STM32F4xx_HAL_Driver/Src/stm32f4xx_hal_cortex.o
 .text.NVIC_EncodePriority
                0x000000000800195c       0x66 ./Drivers/STM32F4xx_HAL_Driver/Src/stm32f4xx_hal_cortex.o
 *fill*         0x00000000080019c2        0x2 
 .text.SysTick_Config
                0x00000000080019c4       0x44 ./Drivers/STM32F4xx_HAL_Driver/Src/stm32f4xx_hal_cortex.o
 .text.HAL_NVIC_SetPriorityGrouping
                0x0000000008001a08       0x16 ./Drivers/STM32F4xx_HAL_Driver/Src/stm32f4xx_hal_cortex.o
                0x0000000008001a08                HAL_NVIC_SetPriorityGrouping
 .text.HAL_NVIC_SetPriority
                0x0000000008001a1e       0x38 ./Drivers/STM32F4xx_HAL_Driver/Src/stm32f4xx_hal_cortex.o
                0x0000000008001a1e                HAL_NVIC_SetPriority
 .text.HAL_NVIC_EnableIRQ
                0x0000000008001a56       0x1c ./Drivers/STM32F4xx_HAL_Driver/Src/stm32f4xx_hal_cortex.o
                0x0000000008001a56                HAL_NVIC_EnableIRQ
 .text.HAL_SYSTICK_Config
                0x0000000008001a72       0x18 ./Drivers/STM32F4xx_HAL_Driver/Src/stm32f4xx_hal_cortex.o
                0x0000000008001a72                HAL_SYSTICK_Config
 *fill*         0x0000000008001a8a        0x2 
 .text.HAL_GPIO_Init
                0x0000000008001a8c      0x338 ./Drivers/STM32F4xx_HAL_Driver/Src/stm32f4xx_hal_gpio.o
                0x0000000008001a8c                HAL_GPIO_Init
 .text.HAL_GPIO_DeInit
                0x0000000008001dc4      0x1f8 ./Drivers/STM32F4xx_HAL_Driver/Src/stm32f4xx_hal_gpio.o
                0x0000000008001dc4                HAL_GPIO_DeInit
 .text.HAL_GPIO_WritePin
                0x0000000008001fbc       0x32 ./Drivers/STM32F4xx_HAL_Driver/Src/stm32f4xx_hal_gpio.o
                0x0000000008001fbc                HAL_GPIO_WritePin
 *fill*         0x0000000008001fee        0x2 
 .text.HAL_GPIO_EXTI_IRQHandler
                0x0000000008001ff0       0x30 ./Drivers/STM32F4xx_HAL_Driver/Src/stm32f4xx_hal_gpio.o
                0x0000000008001ff0                HAL_GPIO_EXTI_IRQHandler
 .text.HAL_PCD_Init
                0x0000000008002020      0x23a ./Drivers/STM32F4xx_HAL_Driver/Src/stm32f4xx_hal_pcd.o
                0x0000000008002020                HAL_PCD_Init
 .text.HAL_PCD_Start
                0x000000000800225a       0x66 ./Drivers/STM32F4xx_HAL_Driver/Src/stm32f4xx_hal_pcd.o
                0x000000000800225a                HAL_PCD_Start
 .text.HAL_PCD_IRQHandler
                0x00000000080022c0      0x93e ./Drivers/STM32F4xx_HAL_Driver/Src/stm32f4xx_hal_pcd.o
                0x00000000080022c0                HAL_PCD_IRQHandler
 .text.HAL_PCD_SetAddress
                0x0000000008002bfe       0x4a ./Drivers/STM32F4xx_HAL_Driver/Src/stm32f4xx_hal_pcd.o
                0x0000000008002bfe                HAL_PCD_SetAddress
 .text.HAL_PCD_EP_Open
                0x0000000008002c48       0xd0 ./Drivers/STM32F4xx_HAL_Driver/Src/stm32f4xx_hal_pcd.o
                0x0000000008002c48                HAL_PCD_EP_Open
 .text.HAL_PCD_EP_Close
                0x0000000008002d18       0x94 ./Drivers/STM32F4xx_HAL_Driver/Src/stm32f4xx_hal_pcd.o
                0x0000000008002d18                HAL_PCD_EP_Close
 .text.HAL_PCD_EP_Receive
                0x0000000008002dac       0x96 ./Drivers/STM32F4xx_HAL_Driver/Src/stm32f4xx_hal_pcd.o
                0x0000000008002dac                HAL_PCD_EP_Receive
 .text.HAL_PCD_EP_Transmit
                0x0000000008002e42       0x94 ./Drivers/STM32F4xx_HAL_Driver/Src/stm32f4xx_hal_pcd.o
                0x0000000008002e42                HAL_PCD_EP_Transmit
 .text.HAL_PCD_EP_SetStall
                0x0000000008002ed6       0xc8 ./Drivers/STM32F4xx_HAL_Driver/Src/stm32f4xx_hal_pcd.o
                0x0000000008002ed6                HAL_PCD_EP_SetStall
 .text.HAL_PCD_EP_ClrStall
                0x0000000008002f9e       0xac ./Drivers/STM32F4xx_HAL_Driver/Src/stm32f4xx_hal_pcd.o
                0x0000000008002f9e                HAL_PCD_EP_ClrStall
 .text.HAL_PCD_EP_Abort
                0x000000000800304a       0x62 ./Drivers/STM32F4xx_HAL_Driver/Src/stm32f4xx_hal_pcd.o
                0x000000000800304a                HAL_PCD_EP_Abort
 .text.PCD_WriteEmptyTxFifo
                0x00000000080030ac      0x11a ./Drivers/STM32F4xx_HAL_Driver/Src/stm32f4xx_hal_pcd.o
 *fill*         0x00000000080031c6        0x2 
 .text.PCD_EP_OutXfrComplete_int
                0x00000000080031c8      0x1d0 ./Drivers/STM32F4xx_HAL_Driver/Src/stm32f4xx_hal_pcd.o
 .text.PCD_EP_OutSetupPacket_int
                0x0000000008003398       0x8c ./Drivers/STM32F4xx_HAL_Driver/Src/stm32f4xx_hal_pcd.o
 .text.HAL_PCDEx_SetTxFiFo
                0x0000000008003424       0x8e ./Drivers/STM32F4xx_HAL_Driver/Src/stm32f4xx_hal_pcd_ex.o
                0x0000000008003424                HAL_PCDEx_SetTxFiFo
 .text.HAL_PCDEx_SetRxFiFo
                0x00000000080034b2       0x22 ./Drivers/STM32F4xx_HAL_Driver/Src/stm32f4xx_hal_pcd_ex.o
                0x00000000080034b2                HAL_PCDEx_SetRxFiFo
 .text.HAL_PCDEx_LPM_Callback
                0x00000000080034d4       0x18 ./Drivers/STM32F4xx_HAL_Driver/Src/stm32f4xx_hal_pcd_ex.o
                0x00000000080034d4                HAL_PCDEx_LPM_Callback
 .text.HAL_RCC_OscConfig
                0x00000000080034ec      0x4f0 ./Drivers/STM32F4xx_HAL_Driver/Src/stm32f4xx_hal_rcc.o
                0x00000000080034ec                HAL_RCC_OscConfig
 .text.HAL_RCC_ClockConfig
                0x00000000080039dc      0x1cc ./Drivers/STM32F4xx_HAL_Driver/Src/stm32f4xx_hal_rcc.o
                0x00000000080039dc                HAL_RCC_ClockConfig
 .text.HAL_RCC_GetSysClockFreq
                0x0000000008003ba8      0x20c ./Drivers/STM32F4xx_HAL_Driver/Src/stm32f4xx_hal_rcc.o
                0x0000000008003ba8                HAL_RCC_GetSysClockFreq
 .text.HAL_RCC_GetHCLKFreq
                0x0000000008003db4       0x18 ./Drivers/STM32F4xx_HAL_Driver/Src/stm32f4xx_hal_rcc.o
                0x0000000008003db4                HAL_RCC_GetHCLKFreq
 .text.HAL_SPI_Init
                0x0000000008003dcc      0x112 ./Drivers/STM32F4xx_HAL_Driver/Src/stm32f4xx_hal_spi.o
                0x0000000008003dcc                HAL_SPI_Init
 .text.HAL_SPI_DeInit
                0x0000000008003ede       0x50 ./Drivers/STM32F4xx_HAL_Driver/Src/stm32f4xx_hal_spi.o
                0x0000000008003ede                HAL_SPI_DeInit
 .text.HAL_SPI_TransmitReceive
                0x0000000008003f2e      0x344 ./Drivers/STM32F4xx_HAL_Driver/Src/stm32f4xx_hal_spi.o
                0x0000000008003f2e                HAL_SPI_TransmitReceive
 .text.HAL_SPI_GetState
                0x0000000008004272       0x1c ./Drivers/STM32F4xx_HAL_Driver/Src/stm32f4xx_hal_spi.o
                0x0000000008004272                HAL_SPI_GetState
 *fill*         0x000000000800428e        0x2 
 .text.SPI_WaitFlagStateUntilTimeout
                0x0000000008004290      0x110 ./Drivers/STM32F4xx_HAL_Driver/Src/stm32f4xx_hal_spi.o
 .text.SPI_EndRxTxTransaction
                0x00000000080043a0       0x84 ./Drivers/STM32F4xx_HAL_Driver/Src/stm32f4xx_hal_spi.o
 .text.USB_CoreInit
                0x0000000008004424       0xc2 ./Drivers/STM32F4xx_HAL_Driver/Src/stm32f4xx_ll_usb.o
                0x0000000008004424                USB_CoreInit
 *fill*         0x00000000080044e6        0x2 
 .text.USB_SetTurnaroundTime
                0x00000000080044e8      0x144 ./Drivers/STM32F4xx_HAL_Driver/Src/stm32f4xx_ll_usb.o
                0x00000000080044e8                USB_SetTurnaroundTime
 .text.USB_EnableGlobalInt
                0x000000000800462c       0x22 ./Drivers/STM32F4xx_HAL_Driver/Src/stm32f4xx_ll_usb.o
                0x000000000800462c                USB_EnableGlobalInt
 .text.USB_DisableGlobalInt
                0x000000000800464e       0x22 ./Drivers/STM32F4xx_HAL_Driver/Src/stm32f4xx_ll_usb.o
                0x000000000800464e                USB_DisableGlobalInt
 .text.USB_SetCurrentMode
                0x0000000008004670       0x98 ./Drivers/STM32F4xx_HAL_Driver/Src/stm32f4xx_ll_usb.o
                0x0000000008004670                USB_SetCurrentMode
 .text.USB_DevInit
                0x0000000008004708      0x2c8 ./Drivers/STM32F4xx_HAL_Driver/Src/stm32f4xx_ll_usb.o
                0x0000000008004708                USB_DevInit
 .text.USB_FlushTxFifo
                0x00000000080049d0       0x68 ./Drivers/STM32F4xx_HAL_Driver/Src/stm32f4xx_ll_usb.o
                0x00000000080049d0                USB_FlushTxFifo
 .text.USB_FlushRxFifo
                0x0000000008004a38       0x60 ./Drivers/STM32F4xx_HAL_Driver/Src/stm32f4xx_ll_usb.o
                0x0000000008004a38                USB_FlushRxFifo
 .text.USB_SetDevSpeed
                0x0000000008004a98       0x32 ./Drivers/STM32F4xx_HAL_Driver/Src/stm32f4xx_ll_usb.o
                0x0000000008004a98                USB_SetDevSpeed
 .text.USB_GetDevSpeed
                0x0000000008004aca       0x4a ./Drivers/STM32F4xx_HAL_Driver/Src/stm32f4xx_ll_usb.o
                0x0000000008004aca                USB_GetDevSpeed
 .text.USB_ActivateEndpoint
                0x0000000008004b14      0x10e ./Drivers/STM32F4xx_HAL_Driver/Src/stm32f4xx_ll_usb.o
                0x0000000008004b14                USB_ActivateEndpoint
 *fill*         0x0000000008004c22        0x2 
 .text.USB_DeactivateEndpoint
                0x0000000008004c24      0x1b8 ./Drivers/STM32F4xx_HAL_Driver/Src/stm32f4xx_ll_usb.o
                0x0000000008004c24                USB_DeactivateEndpoint
 .text.USB_EPStartXfer
                0x0000000008004ddc      0x490 ./Drivers/STM32F4xx_HAL_Driver/Src/stm32f4xx_ll_usb.o
                0x0000000008004ddc                USB_EPStartXfer
 .text.USB_EP0StartXfer
                0x000000000800526c      0x2b0 ./Drivers/STM32F4xx_HAL_Driver/Src/stm32f4xx_ll_usb.o
                0x000000000800526c                USB_EP0StartXfer
 .text.USB_EPStopXfer
                0x000000000800551c      0x154 ./Drivers/STM32F4xx_HAL_Driver/Src/stm32f4xx_ll_usb.o
                0x000000000800551c                USB_EPStopXfer
 .text.USB_WritePacket
                0x0000000008005670       0x7c ./Drivers/STM32F4xx_HAL_Driver/Src/stm32f4xx_ll_usb.o
                0x0000000008005670                USB_WritePacket
 .text.USB_ReadPacket
                0x00000000080056ec       0xb0 ./Drivers/STM32F4xx_HAL_Driver/Src/stm32f4xx_ll_usb.o
                0x00000000080056ec                USB_ReadPacket
 .text.USB_EPSetStall
                0x000000000800579c       0xdc ./Drivers/STM32F4xx_HAL_Driver/Src/stm32f4xx_ll_usb.o
                0x000000000800579c                USB_EPSetStall
 .text.USB_EPClearStall
                0x0000000008005878       0xcc ./Drivers/STM32F4xx_HAL_Driver/Src/stm32f4xx_ll_usb.o
                0x0000000008005878                USB_EPClearStall
 .text.USB_SetDevAddress
                0x0000000008005944       0x4c ./Drivers/STM32F4xx_HAL_Driver/Src/stm32f4xx_ll_usb.o
                0x0000000008005944                USB_SetDevAddress
 .text.USB_DevConnect
                0x0000000008005990       0x42 ./Drivers/STM32F4xx_HAL_Driver/Src/stm32f4xx_ll_usb.o
                0x0000000008005990                USB_DevConnect
 .text.USB_DevDisconnect
                0x00000000080059d2       0x42 ./Drivers/STM32F4xx_HAL_Driver/Src/stm32f4xx_ll_usb.o
                0x00000000080059d2                USB_DevDisconnect
 .text.USB_ReadInterrupts
                0x0000000008005a14       0x26 ./Drivers/STM32F4xx_HAL_Driver/Src/stm32f4xx_ll_usb.o
                0x0000000008005a14                USB_ReadInterrupts
 .text.USB_ReadDevAllOutEpInterrupt
                0x0000000008005a3a       0x34 ./Drivers/STM32F4xx_HAL_Driver/Src/stm32f4xx_ll_usb.o
                0x0000000008005a3a                USB_ReadDevAllOutEpInterrupt
 .text.USB_ReadDevAllInEpInterrupt
                0x0000000008005a6e       0x34 ./Drivers/STM32F4xx_HAL_Driver/Src/stm32f4xx_ll_usb.o
                0x0000000008005a6e                USB_ReadDevAllInEpInterrupt
 .text.USB_ReadDevOutEPInterrupt
                0x0000000008005aa2       0x3c ./Drivers/STM32F4xx_HAL_Driver/Src/stm32f4xx_ll_usb.o
                0x0000000008005aa2                USB_ReadDevOutEPInterrupt
 .text.USB_ReadDevInEPInterrupt
                0x0000000008005ade       0x5c ./Drivers/STM32F4xx_HAL_Driver/Src/stm32f4xx_ll_usb.o
                0x0000000008005ade                USB_ReadDevInEPInterrupt
 .text.USB_GetMode
                0x0000000008005b3a       0x1c ./Drivers/STM32F4xx_HAL_Driver/Src/stm32f4xx_ll_usb.o
                0x0000000008005b3a                USB_GetMode
 .text.USB_ActivateSetup
                0x0000000008005b56       0x46 ./Drivers/STM32F4xx_HAL_Driver/Src/stm32f4xx_ll_usb.o
                0x0000000008005b56                USB_ActivateSetup
 .text.USB_EP0_OutStart
                0x0000000008005b9c       0xbc ./Drivers/STM32F4xx_HAL_Driver/Src/stm32f4xx_ll_usb.o
                0x0000000008005b9c                USB_EP0_OutStart
 .text.USB_CoreReset
                0x0000000008005c58       0x68 ./Drivers/STM32F4xx_HAL_Driver/Src/stm32f4xx_ll_usb.o
 .text.USBD_HID_Init
                0x0000000008005cc0       0xcc ./Middlewares/ST/STM32_USB_Device_Library/Class/HID/Src/usbd_hid.o
 .text.USBD_HID_DeInit
                0x0000000008005d8c       0x90 ./Middlewares/ST/STM32_USB_Device_Library/Class/HID/Src/usbd_hid.o
 .text.USBD_HID_Setup
                0x0000000008005e1c      0x210 ./Middlewares/ST/STM32_USB_Device_Library/Class/HID/Src/usbd_hid.o
 .text.USBD_HID_SendReport
                0x000000000800602c       0x60 ./Middlewares/ST/STM32_USB_Device_Library/Class/HID/Src/usbd_hid.o
                0x000000000800602c                USBD_HID_SendReport
 .text.USBD_HID_GetFSCfgDesc
                0x000000000800608c       0x34 ./Middlewares/ST/STM32_USB_Device_Library/Class/HID/Src/usbd_hid.o
 .text.USBD_HID_GetHSCfgDesc
                0x00000000080060c0       0x34 ./Middlewares/ST/STM32_USB_Device_Library/Class/HID/Src/usbd_hid.o
 .text.USBD_HID_GetOtherSpeedCfgDesc
                0x00000000080060f4       0x34 ./Middlewares/ST/STM32_USB_Device_Library/Class/HID/Src/usbd_hid.o
 .text.USBD_HID_DataIn
                0x0000000008006128       0x2c ./Middlewares/ST/STM32_USB_Device_Library/Class/HID/Src/usbd_hid.o
 .text.USBD_HID_GetDeviceQualifierDesc
                0x0000000008006154       0x20 ./Middlewares/ST/STM32_USB_Device_Library/Class/HID/Src/usbd_hid.o
 .text.USBD_Init
                0x0000000008006174       0x60 ./Middlewares/ST/STM32_USB_Device_Library/Core/Src/usbd_core.o
                0x0000000008006174                USBD_Init
 .text.USBD_RegisterClass
                0x00000000080061d4       0x6c ./Middlewares/ST/STM32_USB_Device_Library/Core/Src/usbd_core.o
                0x00000000080061d4                USBD_RegisterClass
 .text.USBD_Start
                0x0000000008006240       0x18 ./Middlewares/ST/STM32_USB_Device_Library/Core/Src/usbd_core.o
                0x0000000008006240                USBD_Start
 .text.USBD_RunTestMode
                0x0000000008006258       0x16 ./Middlewares/ST/STM32_USB_Device_Library/Core/Src/usbd_core.o
                0x0000000008006258                USBD_RunTestMode
 .text.USBD_SetClassConfig
                0x000000000800626e       0x38 ./Middlewares/ST/STM32_USB_Device_Library/Core/Src/usbd_core.o
                0x000000000800626e                USBD_SetClassConfig
 .text.USBD_ClrClassConfig
                0x00000000080062a6       0x34 ./Middlewares/ST/STM32_USB_Device_Library/Core/Src/usbd_core.o
                0x00000000080062a6                USBD_ClrClassConfig
 .text.USBD_LL_SetupStage
                0x00000000080062da       0xaa ./Middlewares/ST/STM32_USB_Device_Library/Core/Src/usbd_core.o
                0x00000000080062da                USBD_LL_SetupStage
 .text.USBD_LL_DataOutStage
                0x0000000008006384      0x166 ./Middlewares/ST/STM32_USB_Device_Library/Core/Src/usbd_core.o
                0x0000000008006384                USBD_LL_DataOutStage
 .text.USBD_LL_DataInStage
                0x00000000080064ea      0x164 ./Middlewares/ST/STM32_USB_Device_Library/Core/Src/usbd_core.o
                0x00000000080064ea                USBD_LL_DataInStage
 .text.USBD_LL_Reset
                0x000000000800664e       0xa4 ./Middlewares/ST/STM32_USB_Device_Library/Core/Src/usbd_core.o
                0x000000000800664e                USBD_LL_Reset
 .text.USBD_LL_SetSpeed
                0x00000000080066f2       0x20 ./Middlewares/ST/STM32_USB_Device_Library/Core/Src/usbd_core.o
                0x00000000080066f2                USBD_LL_SetSpeed
 .text.USBD_LL_Suspend
                0x0000000008006712       0x2c ./Middlewares/ST/STM32_USB_Device_Library/Core/Src/usbd_core.o
                0x0000000008006712                USBD_LL_Suspend
 .text.USBD_LL_Resume
                0x000000000800673e       0x30 ./Middlewares/ST/STM32_USB_Device_Library/Core/Src/usbd_core.o
                0x000000000800673e                USBD_LL_Resume
 .text.USBD_LL_SOF
                0x000000000800676e       0x40 ./Middlewares/ST/STM32_USB_Device_Library/Core/Src/usbd_core.o
                0x000000000800676e                USBD_LL_SOF
 .text.USBD_LL_IsoINIncomplete
                0x00000000080067ae       0x64 ./Middlewares/ST/STM32_USB_Device_Library/Core/Src/usbd_core.o
                0x00000000080067ae                USBD_LL_IsoINIncomplete
 .text.USBD_LL_IsoOUTIncomplete
                0x0000000008006812       0x64 ./Middlewares/ST/STM32_USB_Device_Library/Core/Src/usbd_core.o
                0x0000000008006812                USBD_LL_IsoOUTIncomplete
 .text.USBD_LL_DevConnected
                0x0000000008006876       0x16 ./Middlewares/ST/STM32_USB_Device_Library/Core/Src/usbd_core.o
                0x0000000008006876                USBD_LL_DevConnected
 .text.USBD_LL_DevDisconnected
                0x000000000800688c       0x46 ./Middlewares/ST/STM32_USB_Device_Library/Core/Src/usbd_core.o
                0x000000000800688c                USBD_LL_DevDisconnected
 .text.USBD_CoreFindIF
                0x00000000080068d2       0x1a ./Middlewares/ST/STM32_USB_Device_Library/Core/Src/usbd_core.o
                0x00000000080068d2                USBD_CoreFindIF
 .text.USBD_CoreFindEP
                0x00000000080068ec       0x1a ./Middlewares/ST/STM32_USB_Device_Library/Core/Src/usbd_core.o
                0x00000000080068ec                USBD_CoreFindEP
 .text.USBD_GetEpDesc
                0x0000000008006906       0x74 ./Middlewares/ST/STM32_USB_Device_Library/Core/Src/usbd_core.o
                0x0000000008006906                USBD_GetEpDesc
 .text.USBD_GetNextDesc
                0x000000000800697a       0x3a ./Middlewares/ST/STM32_USB_Device_Library/Core/Src/usbd_core.o
                0x000000000800697a                USBD_GetNextDesc
 .text.SWAPBYTE
                0x00000000080069b4       0x3c ./Middlewares/ST/STM32_USB_Device_Library/Core/Src/usbd_ctlreq.o
 .text.USBD_StdDevReq
                0x00000000080069f0       0xe4 ./Middlewares/ST/STM32_USB_Device_Library/Core/Src/usbd_ctlreq.o
                0x00000000080069f0                USBD_StdDevReq
 .text.USBD_StdItfReq
                0x0000000008006ad4       0xd8 ./Middlewares/ST/STM32_USB_Device_Library/Core/Src/usbd_ctlreq.o
                0x0000000008006ad4                USBD_StdItfReq
 .text.USBD_StdEPReq
                0x0000000008006bac      0x33a ./Middlewares/ST/STM32_USB_Device_Library/Core/Src/usbd_ctlreq.o
                0x0000000008006bac                USBD_StdEPReq
 *fill*         0x0000000008006ee6        0x2 
 .text.USBD_GetDescriptor
                0x0000000008006ee8      0x2d4 ./Middlewares/ST/STM32_USB_Device_Library/Core/Src/usbd_ctlreq.o
 .text.USBD_SetAddress
                0x00000000080071bc       0x88 ./Middlewares/ST/STM32_USB_Device_Library/Core/Src/usbd_ctlreq.o
 .text.USBD_SetConfig
                0x0000000008007244      0x154 ./Middlewares/ST/STM32_USB_Device_Library/Core/Src/usbd_ctlreq.o
 .text.USBD_GetConfig
                0x0000000008007398       0x6c ./Middlewares/ST/STM32_USB_Device_Library/Core/Src/usbd_ctlreq.o
 .text.USBD_GetStatus
                0x0000000008007404       0x68 ./Middlewares/ST/STM32_USB_Device_Library/Core/Src/usbd_ctlreq.o
 .text.USBD_SetFeature
                0x000000000800746c       0x52 ./Middlewares/ST/STM32_USB_Device_Library/Core/Src/usbd_ctlreq.o
 .text.USBD_ClrFeature
                0x00000000080074be       0x44 ./Middlewares/ST/STM32_USB_Device_Library/Core/Src/usbd_ctlreq.o
 .text.USBD_ParseSetupRequest
                0x0000000008007502       0x74 ./Middlewares/ST/STM32_USB_Device_Library/Core/Src/usbd_ctlreq.o
                0x0000000008007502                USBD_ParseSetupRequest
 .text.USBD_CtlError
                0x0000000008007576       0x22 ./Middlewares/ST/STM32_USB_Device_Library/Core/Src/usbd_ctlreq.o
                0x0000000008007576                USBD_CtlError
 .text.USBD_GetString
                0x0000000008007598       0x8c ./Middlewares/ST/STM32_USB_Device_Library/Core/Src/usbd_ctlreq.o
                0x0000000008007598                USBD_GetString
 .text.USBD_GetLen
                0x0000000008007624       0x34 ./Middlewares/ST/STM32_USB_Device_Library/Core/Src/usbd_ctlreq.o
 .text.USBD_CtlSendData
                0x0000000008007658       0x36 ./Middlewares/ST/STM32_USB_Device_Library/Core/Src/usbd_ioreq.o
                0x0000000008007658                USBD_CtlSendData
 .text.USBD_CtlContinueSendData
                0x000000000800768e       0x22 ./Middlewares/ST/STM32_USB_Device_Library/Core/Src/usbd_ioreq.o
                0x000000000800768e                USBD_CtlContinueSendData
 .text.USBD_CtlContinueRx
                0x00000000080076b0       0x22 ./Middlewares/ST/STM32_USB_Device_Library/Core/Src/usbd_ioreq.o
                0x00000000080076b0                USBD_CtlContinueRx
 .text.USBD_CtlSendStatus
                0x00000000080076d2       0x26 ./Middlewares/ST/STM32_USB_Device_Library/Core/Src/usbd_ioreq.o
                0x00000000080076d2                USBD_CtlSendStatus
 .text.USBD_CtlReceiveStatus
                0x00000000080076f8       0x26 ./Middlewares/ST/STM32_USB_Device_Library/Core/Src/usbd_ioreq.o
                0x00000000080076f8                USBD_CtlReceiveStatus
 *fill*         0x000000000800771e        0x2 
 .text.MX_USB_DEVICE_Init
                0x0000000008007720       0x4c ./USB_DEVICE/App/usb_device.o
                0x0000000008007720                MX_USB_DEVICE_Init
 .text.USBD_FS_DeviceDescriptor
                0x000000000800776c       0x24 ./USB_DEVICE/App/usbd_desc.o
                0x000000000800776c                USBD_FS_DeviceDescriptor
 .text.USBD_FS_LangIDStrDescriptor
                0x0000000008007790       0x24 ./USB_DEVICE/App/usbd_desc.o
                0x0000000008007790                USBD_FS_LangIDStrDescriptor
 .text.USBD_FS_ProductStrDescriptor
                0x00000000080077b4       0x3c ./USB_DEVICE/App/usbd_desc.o
                0x00000000080077b4                USBD_FS_ProductStrDescriptor
 .text.USBD_FS_ManufacturerStrDescriptor
                0x00000000080077f0       0x28 ./USB_DEVICE/App/usbd_desc.o
                0x00000000080077f0                USBD_FS_ManufacturerStrDescriptor
 .text.USBD_FS_SerialStrDescriptor
                0x0000000008007818       0x24 ./USB_DEVICE/App/usbd_desc.o
                0x0000000008007818                USBD_FS_SerialStrDescriptor
 .text.USBD_FS_ConfigStrDescriptor
                0x000000000800783c       0x3c ./USB_DEVICE/App/usbd_desc.o
                0x000000000800783c                USBD_FS_ConfigStrDescriptor
 .text.USBD_FS_InterfaceStrDescriptor
                0x0000000008007878       0x3c ./USB_DEVICE/App/usbd_desc.o
                0x0000000008007878                USBD_FS_InterfaceStrDescriptor
 .text.Get_SerialNum
                0x00000000080078b4       0x58 ./USB_DEVICE/App/usbd_desc.o
 .text.IntToUnicode
                0x000000000800790c       0x7e ./USB_DEVICE/App/usbd_desc.o
 *fill*         0x000000000800798a        0x2 
 .text.HAL_PCD_MspInit
                0x000000000800798c      0x14c ./USB_DEVICE/Target/usbd_conf.o
                0x000000000800798c                HAL_PCD_MspInit
 .text.HAL_PCD_SetupStageCallback
                0x0000000008007ad8       0x24 ./USB_DEVICE/Target/usbd_conf.o
                0x0000000008007ad8                HAL_PCD_SetupStageCallback
 .text.HAL_PCD_DataOutStageCallback
                0x0000000008007afc       0x36 ./USB_DEVICE/Target/usbd_conf.o
                0x0000000008007afc                HAL_PCD_DataOutStageCallback
 .text.HAL_PCD_DataInStageCallback
                0x0000000008007b32       0x34 ./USB_DEVICE/Target/usbd_conf.o
                0x0000000008007b32                HAL_PCD_DataInStageCallback
 .text.HAL_PCD_SOFCallback
                0x0000000008007b66       0x1c ./USB_DEVICE/Target/usbd_conf.o
                0x0000000008007b66                HAL_PCD_SOFCallback
 .text.HAL_PCD_ResetCallback
                0x0000000008007b82       0x50 ./USB_DEVICE/Target/usbd_conf.o
                0x0000000008007b82                HAL_PCD_ResetCallback
 *fill*         0x0000000008007bd2        0x2 
 .text.HAL_PCD_SuspendCallback
                0x0000000008007bd4       0x4c ./USB_DEVICE/Target/usbd_conf.o
                0x0000000008007bd4                HAL_PCD_SuspendCallback
 .text.HAL_PCD_ResumeCallback
                0x0000000008007c20       0x1c ./USB_DEVICE/Target/usbd_conf.o
                0x0000000008007c20                HAL_PCD_ResumeCallback
 .text.HAL_PCD_ISOOUTIncompleteCallback
                0x0000000008007c3c       0x24 ./USB_DEVICE/Target/usbd_conf.o
                0x0000000008007c3c                HAL_PCD_ISOOUTIncompleteCallback
 .text.HAL_PCD_ISOINIncompleteCallback
                0x0000000008007c60       0x24 ./USB_DEVICE/Target/usbd_conf.o
                0x0000000008007c60                HAL_PCD_ISOINIncompleteCallback
 .text.HAL_PCD_ConnectCallback
                0x0000000008007c84       0x1c ./USB_DEVICE/Target/usbd_conf.o
                0x0000000008007c84                HAL_PCD_ConnectCallback
 .text.HAL_PCD_DisconnectCallback
                0x0000000008007ca0       0x1c ./USB_DEVICE/Target/usbd_conf.o
                0x0000000008007ca0                HAL_PCD_DisconnectCallback
 .text.USBD_LL_Init
                0x0000000008007cbc       0x98 ./USB_DEVICE/Target/usbd_conf.o
                0x0000000008007cbc                USBD_LL_Init
 .text.USBD_LL_Start
                0x0000000008007d54       0x36 ./USB_DEVICE/Target/usbd_conf.o
                0x0000000008007d54                USBD_LL_Start
 .text.USBD_LL_OpenEP
                0x0000000008007d8a       0x4c ./USB_DEVICE/Target/usbd_conf.o
                0x0000000008007d8a                USBD_LL_OpenEP
 .text.USBD_LL_CloseEP
                0x0000000008007dd6       0x3e ./USB_DEVICE/Target/usbd_conf.o
                0x0000000008007dd6                USBD_LL_CloseEP
 .text.USBD_LL_StallEP
                0x0000000008007e14       0x3e ./USB_DEVICE/Target/usbd_conf.o
                0x0000000008007e14                USBD_LL_StallEP
 .text.USBD_LL_ClearStallEP
                0x0000000008007e52       0x3e ./USB_DEVICE/Target/usbd_conf.o
                0x0000000008007e52                USBD_LL_ClearStallEP
 .text.USBD_LL_IsStallEP
                0x0000000008007e90       0x58 ./USB_DEVICE/Target/usbd_conf.o
                0x0000000008007e90                USBD_LL_IsStallEP
 .text.USBD_LL_SetUSBAddress
                0x0000000008007ee8       0x3e ./USB_DEVICE/Target/usbd_conf.o
                0x0000000008007ee8                USBD_LL_SetUSBAddress
 .text.USBD_LL_Transmit
                0x0000000008007f26       0x42 ./USB_DEVICE/Target/usbd_conf.o
                0x0000000008007f26                USBD_LL_Transmit
 .text.USBD_LL_PrepareReceive
                0x0000000008007f68       0x42 ./USB_DEVICE/Target/usbd_conf.o
                0x0000000008007f68                USBD_LL_PrepareReceive
 *fill*         0x0000000008007faa        0x2 
 .text.USBD_static_malloc
                0x0000000008007fac       0x1c ./USB_DEVICE/Target/usbd_conf.o
                0x0000000008007fac                USBD_static_malloc
 .text.USBD_static_free
                0x0000000008007fc8       0x14 ./USB_DEVICE/Target/usbd_conf.o
                0x0000000008007fc8                USBD_static_free
 .text.USBD_Get_USB_Status
                0x0000000008007fdc       0x58 ./USB_DEVICE/Target/usbd_conf.o
                0x0000000008007fdc                USBD_Get_USB_Status
 .text.memset   0x0000000008008034       0x10 C:/ST/STM32CubeIDE_1.13.2/STM32CubeIDE/plugins/com.st.stm32cube.ide.mcu.externaltools.gnu-tools-for-stm32.11.3.rel1.win32_1.1.1.202309131626/tools/bin/../lib/gcc/arm-none-eabi/11.3.1/../../../../arm-none-eabi/lib/thumb/v7e-m+fp/hard\libc_nano.a(libc_a-memset.o)
                0x0000000008008034                memset
 .text.__libc_init_array
                0x0000000008008044       0x48 C:/ST/STM32CubeIDE_1.13.2/STM32CubeIDE/plugins/com.st.stm32cube.ide.mcu.externaltools.gnu-tools-for-stm32.11.3.rel1.win32_1.1.1.202309131626/tools/bin/../lib/gcc/arm-none-eabi/11.3.1/../../../../arm-none-eabi/lib/thumb/v7e-m+fp/hard\libc_nano.a(libc_a-init.o)
                0x0000000008008044                __libc_init_array
 *(.glue_7)
 .glue_7        0x000000000800808c        0x0 linker stubs
 *(.glue_7t)
 .glue_7t       0x000000000800808c        0x0 linker stubs
 *(.eh_frame)
 .eh_frame      0x000000000800808c        0x0 C:/ST/STM32CubeIDE_1.13.2/STM32CubeIDE/plugins/com.st.stm32cube.ide.mcu.externaltools.gnu-tools-for-stm32.11.3.rel1.win32_1.1.1.202309131626/tools/bin/../lib/gcc/arm-none-eabi/11.3.1/thumb/v7e-m+fp/hard/crtbegin.o
 *(.init)
 .init          0x000000000800808c        0x4 C:/ST/STM32CubeIDE_1.13.2/STM32CubeIDE/plugins/com.st.stm32cube.ide.mcu.externaltools.gnu-tools-for-stm32.11.3.rel1.win32_1.1.1.202309131626/tools/bin/../lib/gcc/arm-none-eabi/11.3.1/thumb/v7e-m+fp/hard/crti.o
                0x000000000800808c                _init
 .init          0x0000000008008090        0x8 C:/ST/STM32CubeIDE_1.13.2/STM32CubeIDE/plugins/com.st.stm32cube.ide.mcu.externaltools.gnu-tools-for-stm32.11.3.rel1.win32_1.1.1.202309131626/tools/bin/../lib/gcc/arm-none-eabi/11.3.1/thumb/v7e-m+fp/hard/crtn.o
 *(.fini)
 .fini          0x0000000008008098        0x4 C:/ST/STM32CubeIDE_1.13.2/STM32CubeIDE/plugins/com.st.stm32cube.ide.mcu.externaltools.gnu-tools-for-stm32.11.3.rel1.win32_1.1.1.202309131626/tools/bin/../lib/gcc/arm-none-eabi/11.3.1/thumb/v7e-m+fp/hard/crti.o
                0x0000000008008098                _fini
 .fini          0x000000000800809c        0x8 C:/ST/STM32CubeIDE_1.13.2/STM32CubeIDE/plugins/com.st.stm32cube.ide.mcu.externaltools.gnu-tools-for-stm32.11.3.rel1.win32_1.1.1.202309131626/tools/bin/../lib/gcc/arm-none-eabi/11.3.1/thumb/v7e-m+fp/hard/crtn.o
                0x00000000080080a4                . = ALIGN (0x4)
                0x00000000080080a4                _etext = .

.vfp11_veneer   0x00000000080080a4        0x0
 .vfp11_veneer  0x00000000080080a4        0x0 linker stubs

.v4_bx          0x00000000080080a4        0x0
 .v4_bx         0x00000000080080a4        0x0 linker stubs

.iplt           0x00000000080080a4        0x0
 .iplt          0x00000000080080a4        0x0 C:/ST/STM32CubeIDE_1.13.2/STM32CubeIDE/plugins/com.st.stm32cube.ide.mcu.externaltools.gnu-tools-for-stm32.11.3.rel1.win32_1.1.1.202309131626/tools/bin/../lib/gcc/arm-none-eabi/11.3.1/thumb/v7e-m+fp/hard/crtbegin.o

.rodata         0x00000000080080a4       0x50
                0x00000000080080a4                . = ALIGN (0x4)
 *(.rodata)
 .rodata        0x00000000080080a4       0x3e ./USB_DEVICE/App/usbd_desc.o
 *(.rodata*)
 *fill*         0x00000000080080e2        0x2 
 .rodata.AHBPrescTable
                0x00000000080080e4       0x10 ./Core/Src/system_stm32f4xx.o
                0x00000000080080e4                AHBPrescTable
                0x00000000080080f4                . = ALIGN (0x4)

.ARM.extab      0x00000000080080f4        0x0
                0x00000000080080f4                . = ALIGN (0x4)
 *(.ARM.extab* .gnu.linkonce.armextab.*)
                0x00000000080080f4                . = ALIGN (0x4)

.ARM            0x00000000080080f4        0x8
                0x00000000080080f4                . = ALIGN (0x4)
                0x00000000080080f4                __exidx_start = .
 *(.ARM.exidx*)
 .ARM.exidx     0x00000000080080f4        0x8 C:/ST/STM32CubeIDE_1.13.2/STM32CubeIDE/plugins/com.st.stm32cube.ide.mcu.externaltools.gnu-tools-for-stm32.11.3.rel1.win32_1.1.1.202309131626/tools/bin/../lib/gcc/arm-none-eabi/11.3.1/thumb/v7e-m+fp/hard\libgcc.a(_udivmoddi4.o)
                0x00000000080080fc                __exidx_end = .
                0x00000000080080fc                . = ALIGN (0x4)

.rel.dyn        0x00000000080080fc        0x0
 .rel.iplt      0x00000000080080fc        0x0 C:/ST/STM32CubeIDE_1.13.2/STM32CubeIDE/plugins/com.st.stm32cube.ide.mcu.externaltools.gnu-tools-for-stm32.11.3.rel1.win32_1.1.1.202309131626/tools/bin/../lib/gcc/arm-none-eabi/11.3.1/thumb/v7e-m+fp/hard/crtbegin.o

.preinit_array  0x00000000080080fc        0x0
                0x00000000080080fc                . = ALIGN (0x4)
                0x00000000080080fc                PROVIDE (__preinit_array_start = .)
 *(.preinit_array*)
                0x00000000080080fc                PROVIDE (__preinit_array_end = .)
                0x00000000080080fc                . = ALIGN (0x4)

.init_array     0x00000000080080fc        0x4
                0x00000000080080fc                . = ALIGN (0x4)
                0x00000000080080fc                PROVIDE (__init_array_start = .)
 *(SORT_BY_NAME(.init_array.*))
 *(.init_array*)
 .init_array    0x00000000080080fc        0x4 C:/ST/STM32CubeIDE_1.13.2/STM32CubeIDE/plugins/com.st.stm32cube.ide.mcu.externaltools.gnu-tools-for-stm32.11.3.rel1.win32_1.1.1.202309131626/tools/bin/../lib/gcc/arm-none-eabi/11.3.1/thumb/v7e-m+fp/hard/crtbegin.o
                0x0000000008008100                PROVIDE (__init_array_end = .)
                0x0000000008008100                . = ALIGN (0x4)

.fini_array     0x0000000008008100        0x4
                0x0000000008008100                . = ALIGN (0x4)
                [!provide]                        PROVIDE (__fini_array_start = .)
 *(SORT_BY_NAME(.fini_array.*))
 *(.fini_array*)
 .fini_array    0x0000000008008100        0x4 C:/ST/STM32CubeIDE_1.13.2/STM32CubeIDE/plugins/com.st.stm32cube.ide.mcu.externaltools.gnu-tools-for-stm32.11.3.rel1.win32_1.1.1.202309131626/tools/bin/../lib/gcc/arm-none-eabi/11.3.1/thumb/v7e-m+fp/hard/crtbegin.o
                [!provide]                        PROVIDE (__fini_array_end = .)
                0x0000000008008104                . = ALIGN (0x4)
                0x0000000008008104                _sidata = LOADADDR (.data)

.data           0x0000000020000000      0x190 load address 0x0000000008008104
                0x0000000020000000                . = ALIGN (0x4)
                0x0000000020000000                _sdata = .
 *(.data)
 *(.data*)
 .data.Lis302dlDrv
                0x0000000020000000       0x34 ./Core/Src/lis302dl.o
                0x0000000020000000                Lis302dlDrv
 .data.Lis3dshDrv
                0x0000000020000034       0x34 ./Core/Src/lis3dsh.o
                0x0000000020000034                Lis3dshDrv
 .data.min_xval
                0x0000000020000068        0x2 ./Core/Src/main.o
                0x0000000020000068                min_xval
 .data.max_xval
                0x000000002000006a        0x2 ./Core/Src/main.o
                0x000000002000006a                max_xval
 .data.min_yval
                0x000000002000006c        0x2 ./Core/Src/main.o
                0x000000002000006c                min_yval
 .data.max_yval
                0x000000002000006e        0x2 ./Core/Src/main.o
                0x000000002000006e                max_yval
 .data.SpixTimeout
                0x0000000020000070        0x4 ./Core/Src/stm32f4_discovery.o
                0x0000000020000070                SpixTimeout
 .data.SystemCoreClock
                0x0000000020000074        0x4 ./Core/Src/system_stm32f4xx.o
                0x0000000020000074                SystemCoreClock
 .data.uwTickPrio
                0x0000000020000078        0x4 ./Drivers/STM32F4xx_HAL_Driver/Src/stm32f4xx_hal.o
                0x0000000020000078                uwTickPrio
 .data.uwTickFreq
                0x000000002000007c        0x1 ./Drivers/STM32F4xx_HAL_Driver/Src/stm32f4xx_hal.o
                0x000000002000007c                uwTickFreq
 *fill*         0x000000002000007d        0x3 
 .data.USBD_HID
                0x0000000020000080       0x38 ./Middlewares/ST/STM32_USB_Device_Library/Class/HID/Src/usbd_hid.o
                0x0000000020000080                USBD_HID
 .data.USBD_HID_CfgDesc
                0x00000000200000b8       0x22 ./Middlewares/ST/STM32_USB_Device_Library/Class/HID/Src/usbd_hid.o
 *fill*         0x00000000200000da        0x2 
 .data.USBD_HID_Desc
                0x00000000200000dc        0x9 ./Middlewares/ST/STM32_USB_Device_Library/Class/HID/Src/usbd_hid.o
 *fill*         0x00000000200000e5        0x3 
 .data.USBD_HID_DeviceQualifierDesc
                0x00000000200000e8        0xa ./Middlewares/ST/STM32_USB_Device_Library/Class/HID/Src/usbd_hid.o
 *fill*         0x00000000200000f2        0x2 
 .data.HID_MOUSE_ReportDesc
                0x00000000200000f4       0x4a ./Middlewares/ST/STM32_USB_Device_Library/Class/HID/Src/usbd_hid.o
 .data.HIDInEpAdd
                0x000000002000013e        0x1 ./Middlewares/ST/STM32_USB_Device_Library/Class/HID/Src/usbd_hid.o
 *fill*         0x000000002000013f        0x1 
 .data.FS_Desc  0x0000000020000140       0x1c ./USB_DEVICE/App/usbd_desc.o
                0x0000000020000140                FS_Desc
 .data.USBD_FS_DeviceDesc
                0x000000002000015c       0x12 ./USB_DEVICE/App/usbd_desc.o
                0x000000002000015c                USBD_FS_DeviceDesc
 *fill*         0x000000002000016e        0x2 
 .data.USBD_LangIDDesc
                0x0000000020000170        0x4 ./USB_DEVICE/App/usbd_desc.o
                0x0000000020000170                USBD_LangIDDesc
 .data.USBD_StringSerial
                0x0000000020000174       0x1a ./USB_DEVICE/App/usbd_desc.o
                0x0000000020000174                USBD_StringSerial
 *(.RamFunc)
 *(.RamFunc*)
                0x0000000020000190                . = ALIGN (0x4)
 *fill*         0x000000002000018e        0x2 
                0x0000000020000190                _edata = .
                0x0000000008008294                _siccmram = LOADADDR (.ccmram)

.igot.plt       0x0000000020000190        0x0 load address 0x0000000008008294
 .igot.plt      0x0000000020000190        0x0 C:/ST/STM32CubeIDE_1.13.2/STM32CubeIDE/plugins/com.st.stm32cube.ide.mcu.externaltools.gnu-tools-for-stm32.11.3.rel1.win32_1.1.1.202309131626/tools/bin/../lib/gcc/arm-none-eabi/11.3.1/thumb/v7e-m+fp/hard/crtbegin.o

.ccmram         0x0000000010000000        0x0 load address 0x0000000008008294
                0x0000000010000000                . = ALIGN (0x4)
                0x0000000010000000                _sccmram = .
 *(.ccmram)
 *(.ccmram*)
                0x0000000010000000                . = ALIGN (0x4)
                0x0000000010000000                _eccmram = .
                0x0000000010000000                . = ALIGN (0x4)

.bss            0x0000000020000190      0xff8
                0x0000000020000190                _sbss = .
                0x0000000020000190                __bss_start__ = _sbss
 *(.bss)
 .bss           0x0000000020000190       0x1c C:/ST/STM32CubeIDE_1.13.2/STM32CubeIDE/plugins/com.st.stm32cube.ide.mcu.externaltools.gnu-tools-for-stm32.11.3.rel1.win32_1.1.1.202309131626/tools/bin/../lib/gcc/arm-none-eabi/11.3.1/thumb/v7e-m+fp/hard/crtbegin.o
 *(.bss*)
 .bss.mousehid  0x00000000200001ac        0x4 ./Core/Src/main.o
                0x00000000200001ac                mousehid
 .bss.x         0x00000000200001b0        0x2 ./Core/Src/main.o
                0x00000000200001b0                x
 .bss.y         0x00000000200001b2        0x2 ./Core/Src/main.o
                0x00000000200001b2                y
 .bss.z         0x00000000200001b4        0x2 ./Core/Src/main.o
                0x00000000200001b4                z
 .bss.newxval   0x00000000200001b6        0x2 ./Core/Src/main.o
                0x00000000200001b6                newxval
 .bss.newyval   0x00000000200001b8        0x2 ./Core/Src/main.o
                0x00000000200001b8                newyval
 .bss.button_flag
                0x00000000200001ba        0x1 ./Core/Src/main.o
                0x00000000200001ba                button_flag
 *fill*         0x00000000200001bb        0x1 
 .bss.hspi1     0x00000000200001bc       0x58 ./Core/Src/main.o
                0x00000000200001bc                hspi1
 .bss.hpcd_USB_OTG_HS
                0x0000000020000214      0x50c ./Core/Src/main.o
                0x0000000020000214                hpcd_USB_OTG_HS
 .bss.pDataXYZ  0x0000000020000720        0x6 ./Core/Src/main.o
                0x0000000020000720                pDataXYZ
 *fill*         0x0000000020000726        0x2 
 .bss.SpiHandle
                0x0000000020000728       0x58 ./Core/Src/stm32f4_discovery.o
 .bss.AcceleroDrv
                0x0000000020000780        0x4 ./Core/Src/stm32f4_discovery_accelerometer.o
 .bss.uwTick    0x0000000020000784        0x4 ./Drivers/STM32F4xx_HAL_Driver/Src/stm32f4xx_hal.o
                0x0000000020000784                uwTick
 .bss.cfgidx.0  0x0000000020000788        0x1 ./Middlewares/ST/STM32_USB_Device_Library/Core/Src/usbd_ctlreq.o
 *fill*         0x0000000020000789        0x3 
 .bss.hUsbDeviceFS
                0x000000002000078c      0x2dc ./USB_DEVICE/App/usb_device.o
                0x000000002000078c                hUsbDeviceFS
 .bss.USBD_StrDesc
                0x0000000020000a68      0x200 ./USB_DEVICE/App/usbd_desc.o
                0x0000000020000a68                USBD_StrDesc
 .bss.hpcd_USB_OTG_FS
                0x0000000020000c68      0x50c ./USB_DEVICE/Target/usbd_conf.o
                0x0000000020000c68                hpcd_USB_OTG_FS
 .bss.mem.0     0x0000000020001174       0x14 ./USB_DEVICE/Target/usbd_conf.o
 *(COMMON)
                0x0000000020001188                . = ALIGN (0x4)
                0x0000000020001188                _ebss = .
                0x0000000020001188                __bss_end__ = _ebss

._user_heap_stack
                0x0000000020001188      0x600
                0x0000000020001188                . = ALIGN (0x8)
                [!provide]                        PROVIDE (end = .)
                0x0000000020001188                PROVIDE (_end = .)
                0x0000000020001388                . = (. + _Min_Heap_Size)
 *fill*         0x0000000020001188      0x200 
                0x0000000020001788                . = (. + _Min_Stack_Size)
 *fill*         0x0000000020001388      0x400 
                0x0000000020001788                . = ALIGN (0x8)

/DISCARD/
 libc.a(*)
 libm.a(*)
 libgcc.a(*)

.ARM.attributes
                0x0000000000000000       0x30
 *(.ARM.attributes)
 .ARM.attributes
                0x0000000000000000       0x1e C:/ST/STM32CubeIDE_1.13.2/STM32CubeIDE/plugins/com.st.stm32cube.ide.mcu.externaltools.gnu-tools-for-stm32.11.3.rel1.win32_1.1.1.202309131626/tools/bin/../lib/gcc/arm-none-eabi/11.3.1/thumb/v7e-m+fp/hard/crti.o
 .ARM.attributes
                0x000000000000001e       0x34 C:/ST/STM32CubeIDE_1.13.2/STM32CubeIDE/plugins/com.st.stm32cube.ide.mcu.externaltools.gnu-tools-for-stm32.11.3.rel1.win32_1.1.1.202309131626/tools/bin/../lib/gcc/arm-none-eabi/11.3.1/thumb/v7e-m+fp/hard/crtbegin.o
 .ARM.attributes
                0x0000000000000052       0x34 ./Core/Src/lis302dl.o
 .ARM.attributes
                0x0000000000000086       0x34 ./Core/Src/lis3dsh.o
 .ARM.attributes
                0x00000000000000ba       0x34 ./Core/Src/main.o
 .ARM.attributes
                0x00000000000000ee       0x34 ./Core/Src/stm32f4_discovery.o
 .ARM.attributes
                0x0000000000000122       0x34 ./Core/Src/stm32f4_discovery_accelerometer.o
 .ARM.attributes
                0x0000000000000156       0x34 ./Core/Src/stm32f4xx_hal_msp.o
 .ARM.attributes
                0x000000000000018a       0x34 ./Core/Src/stm32f4xx_it.o
 .ARM.attributes
                0x00000000000001be       0x34 ./Core/Src/system_stm32f4xx.o
 .ARM.attributes
                0x00000000000001f2       0x21 ./Core/Startup/startup_stm32f407vgtx.o
 .ARM.attributes
                0x0000000000000213       0x34 ./Drivers/STM32F4xx_HAL_Driver/Src/stm32f4xx_hal.o
 .ARM.attributes
                0x0000000000000247       0x34 ./Drivers/STM32F4xx_HAL_Driver/Src/stm32f4xx_hal_cortex.o
 .ARM.attributes
                0x000000000000027b       0x34 ./Drivers/STM32F4xx_HAL_Driver/Src/stm32f4xx_hal_gpio.o
 .ARM.attributes
                0x00000000000002af       0x34 ./Drivers/STM32F4xx_HAL_Driver/Src/stm32f4xx_hal_pcd.o
 .ARM.attributes
                0x00000000000002e3       0x34 ./Drivers/STM32F4xx_HAL_Driver/Src/stm32f4xx_hal_pcd_ex.o
 .ARM.attributes
                0x0000000000000317       0x34 ./Drivers/STM32F4xx_HAL_Driver/Src/stm32f4xx_hal_rcc.o
 .ARM.attributes
                0x000000000000034b       0x34 ./Drivers/STM32F4xx_HAL_Driver/Src/stm32f4xx_hal_spi.o
 .ARM.attributes
                0x000000000000037f       0x34 ./Drivers/STM32F4xx_HAL_Driver/Src/stm32f4xx_ll_usb.o
 .ARM.attributes
                0x00000000000003b3       0x34 ./Middlewares/ST/STM32_USB_Device_Library/Class/HID/Src/usbd_hid.o
 .ARM.attributes
                0x00000000000003e7       0x34 ./Middlewares/ST/STM32_USB_Device_Library/Core/Src/usbd_core.o
 .ARM.attributes
                0x000000000000041b       0x34 ./Middlewares/ST/STM32_USB_Device_Library/Core/Src/usbd_ctlreq.o
 .ARM.attributes
                0x000000000000044f       0x34 ./Middlewares/ST/STM32_USB_Device_Library/Core/Src/usbd_ioreq.o
 .ARM.attributes
                0x0000000000000483       0x34 ./USB_DEVICE/App/usb_device.o
 .ARM.attributes
                0x00000000000004b7       0x34 ./USB_DEVICE/App/usbd_desc.o
 .ARM.attributes
                0x00000000000004eb       0x34 ./USB_DEVICE/Target/usbd_conf.o
 .ARM.attributes
                0x000000000000051f       0x34 C:/ST/STM32CubeIDE_1.13.2/STM32CubeIDE/plugins/com.st.stm32cube.ide.mcu.externaltools.gnu-tools-for-stm32.11.3.rel1.win32_1.1.1.202309131626/tools/bin/../lib/gcc/arm-none-eabi/11.3.1/../../../../arm-none-eabi/lib/thumb/v7e-m+fp/hard\libc_nano.a(libc_a-memset.o)
 .ARM.attributes
                0x0000000000000553       0x34 C:/ST/STM32CubeIDE_1.13.2/STM32CubeIDE/plugins/com.st.stm32cube.ide.mcu.externaltools.gnu-tools-for-stm32.11.3.rel1.win32_1.1.1.202309131626/tools/bin/../lib/gcc/arm-none-eabi/11.3.1/../../../../arm-none-eabi/lib/thumb/v7e-m+fp/hard\libc_nano.a(libc_a-init.o)
 .ARM.attributes
                0x0000000000000587       0x1e C:/ST/STM32CubeIDE_1.13.2/STM32CubeIDE/plugins/com.st.stm32cube.ide.mcu.externaltools.gnu-tools-for-stm32.11.3.rel1.win32_1.1.1.202309131626/tools/bin/../lib/gcc/arm-none-eabi/11.3.1/thumb/v7e-m+fp/hard\libgcc.a(_aeabi_uldivmod.o)
 .ARM.attributes
                0x00000000000005a5       0x34 C:/ST/STM32CubeIDE_1.13.2/STM32CubeIDE/plugins/com.st.stm32cube.ide.mcu.externaltools.gnu-tools-for-stm32.11.3.rel1.win32_1.1.1.202309131626/tools/bin/../lib/gcc/arm-none-eabi/11.3.1/thumb/v7e-m+fp/hard\libgcc.a(_udivmoddi4.o)
 .ARM.attributes
                0x00000000000005d9       0x1e C:/ST/STM32CubeIDE_1.13.2/STM32CubeIDE/plugins/com.st.stm32cube.ide.mcu.externaltools.gnu-tools-for-stm32.11.3.rel1.win32_1.1.1.202309131626/tools/bin/../lib/gcc/arm-none-eabi/11.3.1/thumb/v7e-m+fp/hard\libgcc.a(_dvmd_tls.o)
 .ARM.attributes
                0x00000000000005f7       0x1e C:/ST/STM32CubeIDE_1.13.2/STM32CubeIDE/plugins/com.st.stm32cube.ide.mcu.externaltools.gnu-tools-for-stm32.11.3.rel1.win32_1.1.1.202309131626/tools/bin/../lib/gcc/arm-none-eabi/11.3.1/thumb/v7e-m+fp/hard/crtn.o
OUTPUT(accleromteref4.elf elf32-littlearm)
LOAD linker stubs
LOAD C:/ST/STM32CubeIDE_1.13.2/STM32CubeIDE/plugins/com.st.stm32cube.ide.mcu.externaltools.gnu-tools-for-stm32.11.3.rel1.win32_1.1.1.202309131626/tools/bin/../lib/gcc/arm-none-eabi/11.3.1/../../../../arm-none-eabi/lib/thumb/v7e-m+fp/hard\libc.a
LOAD C:/ST/STM32CubeIDE_1.13.2/STM32CubeIDE/plugins/com.st.stm32cube.ide.mcu.externaltools.gnu-tools-for-stm32.11.3.rel1.win32_1.1.1.202309131626/tools/bin/../lib/gcc/arm-none-eabi/11.3.1/../../../../arm-none-eabi/lib/thumb/v7e-m+fp/hard\libm.a
LOAD C:/ST/STM32CubeIDE_1.13.2/STM32CubeIDE/plugins/com.st.stm32cube.ide.mcu.externaltools.gnu-tools-for-stm32.11.3.rel1.win32_1.1.1.202309131626/tools/bin/../lib/gcc/arm-none-eabi/11.3.1/thumb/v7e-m+fp/hard\libgcc.a

.comment        0x0000000000000000       0x43
 .comment       0x0000000000000000       0x43 C:/ST/STM32CubeIDE_1.13.2/STM32CubeIDE/plugins/com.st.stm32cube.ide.mcu.externaltools.gnu-tools-for-stm32.11.3.rel1.win32_1.1.1.202309131626/tools/bin/../lib/gcc/arm-none-eabi/11.3.1/thumb/v7e-m+fp/hard/crtbegin.o
                                         0x44 (size before relaxing)
 .comment       0x0000000000000043       0x44 ./Core/Src/lis302dl.o
 .comment       0x0000000000000043       0x44 ./Core/Src/lis3dsh.o
 .comment       0x0000000000000043       0x44 ./Core/Src/main.o
 .comment       0x0000000000000043       0x44 ./Core/Src/stm32f4_discovery.o
 .comment       0x0000000000000043       0x44 ./Core/Src/stm32f4_discovery_accelerometer.o
 .comment       0x0000000000000043       0x44 ./Core/Src/stm32f4xx_hal_msp.o
 .comment       0x0000000000000043       0x44 ./Core/Src/stm32f4xx_it.o
 .comment       0x0000000000000043       0x44 ./Core/Src/system_stm32f4xx.o
 .comment       0x0000000000000043       0x44 ./Drivers/STM32F4xx_HAL_Driver/Src/stm32f4xx_hal.o
 .comment       0x0000000000000043       0x44 ./Drivers/STM32F4xx_HAL_Driver/Src/stm32f4xx_hal_cortex.o
 .comment       0x0000000000000043       0x44 ./Drivers/STM32F4xx_HAL_Driver/Src/stm32f4xx_hal_gpio.o
 .comment       0x0000000000000043       0x44 ./Drivers/STM32F4xx_HAL_Driver/Src/stm32f4xx_hal_pcd.o
 .comment       0x0000000000000043       0x44 ./Drivers/STM32F4xx_HAL_Driver/Src/stm32f4xx_hal_pcd_ex.o
 .comment       0x0000000000000043       0x44 ./Drivers/STM32F4xx_HAL_Driver/Src/stm32f4xx_hal_rcc.o
 .comment       0x0000000000000043       0x44 ./Drivers/STM32F4xx_HAL_Driver/Src/stm32f4xx_hal_spi.o
 .comment       0x0000000000000043       0x44 ./Drivers/STM32F4xx_HAL_Driver/Src/stm32f4xx_ll_usb.o
 .comment       0x0000000000000043       0x44 ./Middlewares/ST/STM32_USB_Device_Library/Class/HID/Src/usbd_hid.o
 .comment       0x0000000000000043       0x44 ./Middlewares/ST/STM32_USB_Device_Library/Core/Src/usbd_core.o
 .comment       0x0000000000000043       0x44 ./Middlewares/ST/STM32_USB_Device_Library/Core/Src/usbd_ctlreq.o
 .comment       0x0000000000000043       0x44 ./Middlewares/ST/STM32_USB_Device_Library/Core/Src/usbd_ioreq.o
 .comment       0x0000000000000043       0x44 ./USB_DEVICE/App/usb_device.o
 .comment       0x0000000000000043       0x44 ./USB_DEVICE/App/usbd_desc.o
 .comment       0x0000000000000043       0x44 ./USB_DEVICE/Target/usbd_conf.o

.debug_info     0x0000000000000000    0x10f62
 .debug_info    0x0000000000000000      0x51f ./Core/Src/lis302dl.o
 .debug_info    0x000000000000051f      0x4d5 ./Core/Src/lis3dsh.o
 .debug_info    0x00000000000009f4     0x1a04 ./Core/Src/main.o
 .debug_info    0x00000000000023f8     0x1048 ./Core/Src/stm32f4_discovery.o
 .debug_info    0x0000000000003440      0x402 ./Core/Src/stm32f4_discovery_accelerometer.o
 .debug_info    0x0000000000003842      0x93e ./Core/Src/stm32f4xx_hal_msp.o
 .debug_info    0x0000000000004180      0x631 ./Core/Src/stm32f4xx_it.o
 .debug_info    0x00000000000047b1      0x512 ./Core/Src/system_stm32f4xx.o
 .debug_info    0x0000000000004cc3       0x23 ./Core/Startup/startup_stm32f407vgtx.o
 .debug_info    0x0000000000004ce6      0x948 ./Drivers/STM32F4xx_HAL_Driver/Src/stm32f4xx_hal.o
 .debug_info    0x000000000000562e      0xd46 ./Drivers/STM32F4xx_HAL_Driver/Src/stm32f4xx_hal_cortex.o
 .debug_info    0x0000000000006374      0x6c3 ./Drivers/STM32F4xx_HAL_Driver/Src/stm32f4xx_hal_gpio.o
 .debug_info    0x0000000000006a37     0x1541 ./Drivers/STM32F4xx_HAL_Driver/Src/stm32f4xx_hal_pcd.o
 .debug_info    0x0000000000007f78      0x6d2 ./Drivers/STM32F4xx_HAL_Driver/Src/stm32f4xx_hal_pcd_ex.o
 .debug_info    0x000000000000864a      0x8b1 ./Drivers/STM32F4xx_HAL_Driver/Src/stm32f4xx_hal_rcc.o
 .debug_info    0x0000000000008efb     0x15fb ./Drivers/STM32F4xx_HAL_Driver/Src/stm32f4xx_hal_spi.o
 .debug_info    0x000000000000a4f6     0x18f6 ./Drivers/STM32F4xx_HAL_Driver/Src/stm32f4xx_ll_usb.o
 .debug_info    0x000000000000bdec      0xa84 ./Middlewares/ST/STM32_USB_Device_Library/Class/HID/Src/usbd_hid.o
 .debug_info    0x000000000000c870      0xe05 ./Middlewares/ST/STM32_USB_Device_Library/Core/Src/usbd_core.o
 .debug_info    0x000000000000d675      0xade ./Middlewares/ST/STM32_USB_Device_Library/Core/Src/usbd_ctlreq.o
 .debug_info    0x000000000000e153      0x755 ./Middlewares/ST/STM32_USB_Device_Library/Core/Src/usbd_ioreq.o
 .debug_info    0x000000000000e8a8      0x5ef ./USB_DEVICE/App/usb_device.o
 .debug_info    0x000000000000ee97      0x458 ./USB_DEVICE/App/usbd_desc.o
 .debug_info    0x000000000000f2ef     0x1c73 ./USB_DEVICE/Target/usbd_conf.o

.debug_abbrev   0x0000000000000000     0x3391
 .debug_abbrev  0x0000000000000000      0x1e4 ./Core/Src/lis302dl.o
 .debug_abbrev  0x00000000000001e4      0x1e4 ./Core/Src/lis3dsh.o
 .debug_abbrev  0x00000000000003c8      0x381 ./Core/Src/main.o
 .debug_abbrev  0x0000000000000749      0x2cd ./Core/Src/stm32f4_discovery.o
 .debug_abbrev  0x0000000000000a16      0x165 ./Core/Src/stm32f4_discovery_accelerometer.o
 .debug_abbrev  0x0000000000000b7b      0x1bc ./Core/Src/stm32f4xx_hal_msp.o
 .debug_abbrev  0x0000000000000d37      0x1b9 ./Core/Src/stm32f4xx_it.o
 .debug_abbrev  0x0000000000000ef0      0x11a ./Core/Src/system_stm32f4xx.o
 .debug_abbrev  0x000000000000100a       0x12 ./Core/Startup/startup_stm32f407vgtx.o
 .debug_abbrev  0x000000000000101c      0x213 ./Drivers/STM32F4xx_HAL_Driver/Src/stm32f4xx_hal.o
 .debug_abbrev  0x000000000000122f      0x327 ./Drivers/STM32F4xx_HAL_Driver/Src/stm32f4xx_hal_cortex.o
 .debug_abbrev  0x0000000000001556      0x1d4 ./Drivers/STM32F4xx_HAL_Driver/Src/stm32f4xx_hal_gpio.o
 .debug_abbrev  0x000000000000172a      0x2d0 ./Drivers/STM32F4xx_HAL_Driver/Src/stm32f4xx_hal_pcd.o
 .debug_abbrev  0x00000000000019fa      0x1da ./Drivers/STM32F4xx_HAL_Driver/Src/stm32f4xx_hal_pcd_ex.o
 .debug_abbrev  0x0000000000001bd4      0x2b6 ./Drivers/STM32F4xx_HAL_Driver/Src/stm32f4xx_hal_rcc.o
 .debug_abbrev  0x0000000000001e8a      0x284 ./Drivers/STM32F4xx_HAL_Driver/Src/stm32f4xx_hal_spi.o
 .debug_abbrev  0x000000000000210e      0x2ac ./Drivers/STM32F4xx_HAL_Driver/Src/stm32f4xx_ll_usb.o
 .debug_abbrev  0x00000000000023ba      0x2a2 ./Middlewares/ST/STM32_USB_Device_Library/Class/HID/Src/usbd_hid.o
 .debug_abbrev  0x000000000000265c      0x27c ./Middlewares/ST/STM32_USB_Device_Library/Core/Src/usbd_core.o
 .debug_abbrev  0x00000000000028d8      0x26f ./Middlewares/ST/STM32_USB_Device_Library/Core/Src/usbd_ctlreq.o
 .debug_abbrev  0x0000000000002b47      0x19a ./Middlewares/ST/STM32_USB_Device_Library/Core/Src/usbd_ioreq.o
 .debug_abbrev  0x0000000000002ce1      0x190 ./USB_DEVICE/App/usb_device.o
 .debug_abbrev  0x0000000000002e71      0x1e1 ./USB_DEVICE/App/usbd_desc.o
 .debug_abbrev  0x0000000000003052      0x33f ./USB_DEVICE/Target/usbd_conf.o

.debug_aranges  0x0000000000000000      0xe88
 .debug_aranges
                0x0000000000000000       0x78 ./Core/Src/lis302dl.o
 .debug_aranges
                0x0000000000000078       0x68 ./Core/Src/lis3dsh.o
 .debug_aranges
                0x00000000000000e0       0x58 ./Core/Src/main.o
 .debug_aranges
                0x0000000000000138       0x90 ./Core/Src/stm32f4_discovery.o
 .debug_aranges
                0x00000000000001c8       0x48 ./Core/Src/stm32f4_discovery_accelerometer.o
 .debug_aranges
                0x0000000000000210       0x30 ./Core/Src/stm32f4xx_hal_msp.o
 .debug_aranges
                0x0000000000000240       0x70 ./Core/Src/stm32f4xx_it.o
 .debug_aranges
                0x00000000000002b0       0x28 ./Core/Src/system_stm32f4xx.o
 .debug_aranges
                0x00000000000002d8       0x28 ./Core/Startup/startup_stm32f407vgtx.o
 .debug_aranges
                0x0000000000000300       0xf0 ./Drivers/STM32F4xx_HAL_Driver/Src/stm32f4xx_hal.o
 .debug_aranges
                0x00000000000003f0      0x118 ./Drivers/STM32F4xx_HAL_Driver/Src/stm32f4xx_hal_cortex.o
 .debug_aranges
                0x0000000000000508       0x58 ./Drivers/STM32F4xx_HAL_Driver/Src/stm32f4xx_hal_gpio.o
 .debug_aranges
                0x0000000000000560      0x148 ./Drivers/STM32F4xx_HAL_Driver/Src/stm32f4xx_hal_pcd.o
 .debug_aranges
                0x00000000000006a8       0x38 ./Drivers/STM32F4xx_HAL_Driver/Src/stm32f4xx_hal_pcd_ex.o
 .debug_aranges
                0x00000000000006e0       0x88 ./Drivers/STM32F4xx_HAL_Driver/Src/stm32f4xx_hal_rcc.o
 .debug_aranges
                0x0000000000000768      0x1d0 ./Drivers/STM32F4xx_HAL_Driver/Src/stm32f4xx_hal_spi.o
 .debug_aranges
                0x0000000000000938      0x1a0 ./Drivers/STM32F4xx_HAL_Driver/Src/stm32f4xx_ll_usb.o
 .debug_aranges
                0x0000000000000ad8       0x68 ./Middlewares/ST/STM32_USB_Device_Library/Class/HID/Src/usbd_hid.o
 .debug_aranges
                0x0000000000000b40       0xd8 ./Middlewares/ST/STM32_USB_Device_Library/Core/Src/usbd_core.o
 .debug_aranges
                0x0000000000000c18       0x90 ./Middlewares/ST/STM32_USB_Device_Library/Core/Src/usbd_ctlreq.o
 .debug_aranges
                0x0000000000000ca8       0x50 ./Middlewares/ST/STM32_USB_Device_Library/Core/Src/usbd_ioreq.o
 .debug_aranges
                0x0000000000000cf8       0x20 ./USB_DEVICE/App/usb_device.o
 .debug_aranges
                0x0000000000000d18       0x60 ./USB_DEVICE/App/usbd_desc.o
 .debug_aranges
                0x0000000000000d78      0x110 ./USB_DEVICE/Target/usbd_conf.o

.debug_rnglists
                0x0000000000000000      0xacc
 .debug_rnglists
                0x0000000000000000       0x57 ./Core/Src/lis302dl.o
 .debug_rnglists
                0x0000000000000057       0x4b ./Core/Src/lis3dsh.o
 .debug_rnglists
                0x00000000000000a2       0x41 ./Core/Src/main.o
 .debug_rnglists
                0x00000000000000e3       0x69 ./Core/Src/stm32f4_discovery.o
 .debug_rnglists
                0x000000000000014c       0x32 ./Core/Src/stm32f4_discovery_accelerometer.o
 .debug_rnglists
                0x000000000000017e       0x20 ./Core/Src/stm32f4xx_hal_msp.o
 .debug_rnglists
                0x000000000000019e       0x4f ./Core/Src/stm32f4xx_it.o
 .debug_rnglists
                0x00000000000001ed       0x1a ./Core/Src/system_stm32f4xx.o
 .debug_rnglists
                0x0000000000000207       0x19 ./Core/Startup/startup_stm32f407vgtx.o
 .debug_rnglists
                0x0000000000000220       0xaf ./Drivers/STM32F4xx_HAL_Driver/Src/stm32f4xx_hal.o
 .debug_rnglists
                0x00000000000002cf       0xce ./Drivers/STM32F4xx_HAL_Driver/Src/stm32f4xx_hal_cortex.o
 .debug_rnglists
                0x000000000000039d       0x3f ./Drivers/STM32F4xx_HAL_Driver/Src/stm32f4xx_hal_gpio.o
 .debug_rnglists
                0x00000000000003dc       0xfc ./Drivers/STM32F4xx_HAL_Driver/Src/stm32f4xx_hal_pcd.o
 .debug_rnglists
                0x00000000000004d8       0x26 ./Drivers/STM32F4xx_HAL_Driver/Src/stm32f4xx_hal_pcd_ex.o
 .debug_rnglists
                0x00000000000004fe       0x66 ./Drivers/STM32F4xx_HAL_Driver/Src/stm32f4xx_hal_rcc.o
 .debug_rnglists
                0x0000000000000564      0x16f ./Drivers/STM32F4xx_HAL_Driver/Src/stm32f4xx_hal_spi.o
 .debug_rnglists
                0x00000000000006d3      0x148 ./Drivers/STM32F4xx_HAL_Driver/Src/stm32f4xx_ll_usb.o
 .debug_rnglists
                0x000000000000081b       0x4c ./Middlewares/ST/STM32_USB_Device_Library/Class/HID/Src/usbd_hid.o
 .debug_rnglists
                0x0000000000000867       0xa1 ./Middlewares/ST/STM32_USB_Device_Library/Core/Src/usbd_core.o
 .debug_rnglists
                0x0000000000000908       0x6e ./Middlewares/ST/STM32_USB_Device_Library/Core/Src/usbd_ctlreq.o
 .debug_rnglists
                0x0000000000000976       0x37 ./Middlewares/ST/STM32_USB_Device_Library/Core/Src/usbd_ioreq.o
 .debug_rnglists
                0x00000000000009ad       0x13 ./USB_DEVICE/App/usb_device.o
 .debug_rnglists
                0x00000000000009c0       0x43 ./USB_DEVICE/App/usbd_desc.o
 .debug_rnglists
                0x0000000000000a03       0xc9 ./USB_DEVICE/Target/usbd_conf.o

.debug_macro    0x0000000000000000    0x239c2
 .debug_macro   0x0000000000000000       0x7c ./Core/Src/lis302dl.o
 .debug_macro   0x000000000000007c      0xaa8 ./Core/Src/lis302dl.o
 .debug_macro   0x0000000000000b24       0x22 ./Core/Src/lis302dl.o
 .debug_macro   0x0000000000000b46       0x8e ./Core/Src/lis302dl.o
 .debug_macro   0x0000000000000bd4       0x51 ./Core/Src/lis302dl.o
 .debug_macro   0x0000000000000c25      0x103 ./Core/Src/lis302dl.o
 .debug_macro   0x0000000000000d28       0x6a ./Core/Src/lis302dl.o
 .debug_macro   0x0000000000000d92      0x1df ./Core/Src/lis302dl.o
 .debug_macro   0x0000000000000f71      0x1d1 ./Core/Src/lis302dl.o
 .debug_macro   0x0000000000001142       0x7c ./Core/Src/lis3dsh.o
 .debug_macro   0x00000000000011be      0x428 ./Core/Src/lis3dsh.o
 .debug_macro   0x00000000000015e6      0x3bc ./Core/Src/main.o
 .debug_macro   0x00000000000019a2      0x29b ./Core/Src/main.o
 .debug_macro   0x0000000000001c3d       0x2e ./Core/Src/main.o
 .debug_macro   0x0000000000001c6b       0x2f ./Core/Src/main.o
 .debug_macro   0x0000000000001c9a       0x1c ./Core/Src/main.o
 .debug_macro   0x0000000000001cb6       0x22 ./Core/Src/main.o
 .debug_macro   0x0000000000001cd8       0xd9 ./Core/Src/main.o
 .debug_macro   0x0000000000001db1     0x102d ./Core/Src/main.o
 .debug_macro   0x0000000000002dde      0x11f ./Core/Src/main.o
 .debug_macro   0x0000000000002efd    0x15e82 ./Core/Src/main.o
 .debug_macro   0x0000000000018d7f       0x6d ./Core/Src/main.o
 .debug_macro   0x0000000000018dec     0x367e ./Core/Src/main.o
 .debug_macro   0x000000000001c46a      0x174 ./Core/Src/main.o
 .debug_macro   0x000000000001c5de       0x5c ./Core/Src/main.o
 .debug_macro   0x000000000001c63a      0x96b ./Core/Src/main.o
 .debug_macro   0x000000000001cfa5      0x9fe ./Core/Src/main.o
 .debug_macro   0x000000000001d9a3      0x115 ./Core/Src/main.o
 .debug_macro   0x000000000001dab8      0x13e ./Core/Src/main.o
 .debug_macro   0x000000000001dbf6       0xa5 ./Core/Src/main.o
 .debug_macro   0x000000000001dc9b      0x174 ./Core/Src/main.o
 .debug_macro   0x000000000001de0f      0x287 ./Core/Src/main.o
 .debug_macro   0x000000000001e096       0x5f ./Core/Src/main.o
 .debug_macro   0x000000000001e0f5      0x236 ./Core/Src/main.o
 .debug_macro   0x000000000001e32b      0x12c ./Core/Src/main.o
 .debug_macro   0x000000000001e457      0x21e ./Core/Src/main.o
 .debug_macro   0x000000000001e675       0x2e ./Core/Src/main.o
 .debug_macro   0x000000000001e6a3      0x11a ./Core/Src/main.o
 .debug_macro   0x000000000001e7bd       0x7e ./Core/Src/main.o
 .debug_macro   0x000000000001e83b       0x89 ./Core/Src/main.o
 .debug_macro   0x000000000001e8c4      0x225 ./Core/Src/main.o
 .debug_macro   0x000000000001eae9      0x248 ./Core/Src/main.o
 .debug_macro   0x000000000001ed31       0xba ./Core/Src/main.o
 .debug_macro   0x000000000001edeb      0x12d ./Core/Src/main.o
 .debug_macro   0x000000000001ef18       0x61 ./Core/Src/main.o
 .debug_macro   0x000000000001ef79       0x2a ./Core/Src/main.o
 .debug_macro   0x000000000001efa3       0x43 ./Core/Src/main.o
 .debug_macro   0x000000000001efe6       0x34 ./Core/Src/main.o
 .debug_macro   0x000000000001f01a       0x16 ./Core/Src/main.o
 .debug_macro   0x000000000001f030       0x35 ./Core/Src/main.o
 .debug_macro   0x000000000001f065      0x369 ./Core/Src/main.o
 .debug_macro   0x000000000001f3ce       0x10 ./Core/Src/main.o
 .debug_macro   0x000000000001f3de       0x16 ./Core/Src/main.o
 .debug_macro   0x000000000001f3f4       0x43 ./Core/Src/main.o
 .debug_macro   0x000000000001f437       0x34 ./Core/Src/main.o
 .debug_macro   0x000000000001f46b       0x10 ./Core/Src/main.o
 .debug_macro   0x000000000001f47b       0x58 ./Core/Src/main.o
 .debug_macro   0x000000000001f4d3       0x8e ./Core/Src/main.o
 .debug_macro   0x000000000001f561       0x1c ./Core/Src/main.o
 .debug_macro   0x000000000001f57d      0x177 ./Core/Src/main.o
 .debug_macro   0x000000000001f6f4       0x16 ./Core/Src/main.o
 .debug_macro   0x000000000001f70a       0x16 ./Core/Src/main.o
 .debug_macro   0x000000000001f720      0x147 ./Core/Src/main.o
 .debug_macro   0x000000000001f867       0x16 ./Core/Src/main.o
 .debug_macro   0x000000000001f87d       0x16 ./Core/Src/main.o
 .debug_macro   0x000000000001f893       0x29 ./Core/Src/main.o
 .debug_macro   0x000000000001f8bc       0x16 ./Core/Src/main.o
 .debug_macro   0x000000000001f8d2       0x20 ./Core/Src/main.o
 .debug_macro   0x000000000001f8f2       0x6b ./Core/Src/main.o
 .debug_macro   0x000000000001f95d      0x20f ./Core/Src/main.o
 .debug_macro   0x000000000001fb6c      0x1e5 ./Core/Src/main.o
 .debug_macro   0x000000000001fd51      0x42e ./Core/Src/main.o
 .debug_macro   0x000000000002017f       0x5f ./Core/Src/main.o
 .debug_macro   0x00000000000201de      0x20b ./Core/Src/stm32f4_discovery.o
 .debug_macro   0x00000000000203e9      0x1df ./Core/Src/stm32f4_discovery.o
 .debug_macro   0x00000000000205c8      0x219 ./Core/Src/stm32f4_discovery_accelerometer.o
 .debug_macro   0x00000000000207e1      0x1e8 ./Core/Src/stm32f4xx_hal_msp.o
 .debug_macro   0x00000000000209c9      0x1f2 ./Core/Src/stm32f4xx_it.o
 .debug_macro   0x0000000000020bbb      0x1de ./Core/Src/system_stm32f4xx.o
 .debug_macro   0x0000000000020d99      0x23e ./Drivers/STM32F4xx_HAL_Driver/Src/stm32f4xx_hal.o
 .debug_macro   0x0000000000020fd7      0x1de ./Drivers/STM32F4xx_HAL_Driver/Src/stm32f4xx_hal_cortex.o
 .debug_macro   0x00000000000211b5      0x1e4 ./Drivers/STM32F4xx_HAL_Driver/Src/stm32f4xx_hal_gpio.o
 .debug_macro   0x0000000000021399      0x1ea ./Drivers/STM32F4xx_HAL_Driver/Src/stm32f4xx_hal_pcd.o
 .debug_macro   0x0000000000021583      0x1de ./Drivers/STM32F4xx_HAL_Driver/Src/stm32f4xx_hal_pcd_ex.o
 .debug_macro   0x0000000000021761      0x202 ./Drivers/STM32F4xx_HAL_Driver/Src/stm32f4xx_hal_rcc.o
 .debug_macro   0x0000000000021963      0x1ed ./Drivers/STM32F4xx_HAL_Driver/Src/stm32f4xx_hal_spi.o
 .debug_macro   0x0000000000021b50      0x1de ./Drivers/STM32F4xx_HAL_Driver/Src/stm32f4xx_ll_usb.o
 .debug_macro   0x0000000000021d2e      0x377 ./Middlewares/ST/STM32_USB_Device_Library/Class/HID/Src/usbd_hid.o
 .debug_macro   0x00000000000220a5       0x97 ./Middlewares/ST/STM32_USB_Device_Library/Class/HID/Src/usbd_hid.o
 .debug_macro   0x000000000002213c       0xfd ./Middlewares/ST/STM32_USB_Device_Library/Class/HID/Src/usbd_hid.o
 .debug_macro   0x0000000000022239       0x56 ./Middlewares/ST/STM32_USB_Device_Library/Class/HID/Src/usbd_hid.o
 .debug_macro   0x000000000002228f      0x35e ./Middlewares/ST/STM32_USB_Device_Library/Core/Src/usbd_core.o
 .debug_macro   0x00000000000225ed      0x215 ./Middlewares/ST/STM32_USB_Device_Library/Core/Src/usbd_core.o
 .debug_macro   0x0000000000022802      0x368 ./Middlewares/ST/STM32_USB_Device_Library/Core/Src/usbd_ctlreq.o
 .debug_macro   0x0000000000022b6a      0x364 ./Middlewares/ST/STM32_USB_Device_Library/Core/Src/usbd_ioreq.o
 .debug_macro   0x0000000000022ece      0x394 ./USB_DEVICE/App/usb_device.o
 .debug_macro   0x0000000000023262       0x22 ./USB_DEVICE/App/usb_device.o
 .debug_macro   0x0000000000023284      0x3a1 ./USB_DEVICE/App/usbd_desc.o
 .debug_macro   0x0000000000023625       0x1c ./USB_DEVICE/App/usbd_desc.o
 .debug_macro   0x0000000000023641      0x381 ./USB_DEVICE/Target/usbd_conf.o

.debug_line     0x0000000000000000    0x125b0
 .debug_line    0x0000000000000000      0x64d ./Core/Src/lis302dl.o
 .debug_line    0x000000000000064d      0x655 ./Core/Src/lis3dsh.o
 .debug_line    0x0000000000000ca2      0xd03 ./Core/Src/main.o
 .debug_line    0x00000000000019a5      0x9e4 ./Core/Src/stm32f4_discovery.o
 .debug_line    0x0000000000002389      0x935 ./Core/Src/stm32f4_discovery_accelerometer.o
 .debug_line    0x0000000000002cbe      0x7bb ./Core/Src/stm32f4xx_hal_msp.o
 .debug_line    0x0000000000003479      0x84e ./Core/Src/stm32f4xx_it.o
 .debug_line    0x0000000000003cc7      0x7dd ./Core/Src/system_stm32f4xx.o
 .debug_line    0x00000000000044a4       0x7a ./Core/Startup/startup_stm32f407vgtx.o
 .debug_line    0x000000000000451e      0xa43 ./Drivers/STM32F4xx_HAL_Driver/Src/stm32f4xx_hal.o
 .debug_line    0x0000000000004f61      0xcf2 ./Drivers/STM32F4xx_HAL_Driver/Src/stm32f4xx_hal_cortex.o
 .debug_line    0x0000000000005c53      0xbb7 ./Drivers/STM32F4xx_HAL_Driver/Src/stm32f4xx_hal_gpio.o
 .debug_line    0x000000000000680a     0x14ea ./Drivers/STM32F4xx_HAL_Driver/Src/stm32f4xx_hal_pcd.o
 .debug_line    0x0000000000007cf4      0x826 ./Drivers/STM32F4xx_HAL_Driver/Src/stm32f4xx_hal_pcd_ex.o
 .debug_line    0x000000000000851a      0xdbc ./Drivers/STM32F4xx_HAL_Driver/Src/stm32f4xx_hal_rcc.o
 .debug_line    0x00000000000092d6     0x1cd4 ./Drivers/STM32F4xx_HAL_Driver/Src/stm32f4xx_hal_spi.o
 .debug_line    0x000000000000afaa     0x1b04 ./Drivers/STM32F4xx_HAL_Driver/Src/stm32f4xx_ll_usb.o
 .debug_line    0x000000000000caae      0xc8a ./Middlewares/ST/STM32_USB_Device_Library/Class/HID/Src/usbd_hid.o
 .debug_line    0x000000000000d738      0xf5a ./Middlewares/ST/STM32_USB_Device_Library/Core/Src/usbd_core.o
 .debug_line    0x000000000000e692     0x1144 ./Middlewares/ST/STM32_USB_Device_Library/Core/Src/usbd_ctlreq.o
 .debug_line    0x000000000000f7d6      0xa73 ./Middlewares/ST/STM32_USB_Device_Library/Core/Src/usbd_ioreq.o
 .debug_line    0x0000000000010249      0xa14 ./USB_DEVICE/App/usb_device.o
 .debug_line    0x0000000000010c5d      0xaf8 ./USB_DEVICE/App/usbd_desc.o
 .debug_line    0x0000000000011755      0xe5b ./USB_DEVICE/Target/usbd_conf.o

.debug_str      0x0000000000000000    0xc87a0
 .debug_str     0x0000000000000000     0x48b9 ./Core/Src/lis302dl.o
                                       0x4a7e (size before relaxing)
 .debug_str     0x00000000000048b9     0x1380 ./Core/Src/lis3dsh.o
                                       0x51ad (size before relaxing)
 .debug_str     0x0000000000005c39    0xbf8e1 ./Core/Src/main.o
                                      0xc54ce (size before relaxing)
 .debug_str     0x00000000000c551a      0x385 ./Core/Src/stm32f4_discovery.o
                                      0xbed66 (size before relaxing)
 .debug_str     0x00000000000c589f      0x1f0 ./Core/Src/stm32f4_discovery_accelerometer.o
                                      0xbfd6e (size before relaxing)
 .debug_str     0x00000000000c5a8f       0x80 ./Core/Src/stm32f4xx_hal_msp.o
                                      0xbd788 (size before relaxing)
 .debug_str     0x00000000000c5b0f      0x128 ./Core/Src/stm32f4xx_it.o
                                      0xbd636 (size before relaxing)
 .debug_str     0x00000000000c5c37       0xdb ./Core/Src/system_stm32f4xx.o
                                      0xbd320 (size before relaxing)
 .debug_str     0x00000000000c5d12       0x34 ./Core/Startup/startup_stm32f407vgtx.o
                                         0x65 (size before relaxing)
 .debug_str     0x00000000000c5d46      0x5e6 ./Drivers/STM32F4xx_HAL_Driver/Src/stm32f4xx_hal.o